Archive member included to satisfy reference by file (symbol)

.\CortexM3\ARM_GCC_541\Debug\reaction_game_erika.a(ErikaOS_1_ee_activate.o)
                              .\CortexM3\ARM_GCC_541\Debug\main.o (EE_oo_ActivateTask)
.\CortexM3\ARM_GCC_541\Debug\reaction_game_erika.a(ErikaOS_1_ee_alsetrel.o)
                              .\CortexM3\ARM_GCC_541\Debug\main.o (EE_oo_SetRelAlarm)
.\CortexM3\ARM_GCC_541\Debug\reaction_game_erika.a(ErikaOS_1_ee_altick.o)
                              .\CortexM3\ARM_GCC_541\Debug\reaction_game_erika.a(ErikaOS_1_ee_alsetrel.o) (EE_oo_counter_object_insert)
.\CortexM3\ARM_GCC_541\Debug\reaction_game_erika.a(ErikaOS_1_ee_evclear.o)
                              .\CortexM3\ARM_GCC_541\Debug\main.o (EE_oo_ClearEvent)
.\CortexM3\ARM_GCC_541\Debug\reaction_game_erika.a(ErikaOS_1_ee_evget.o)
                              .\CortexM3\ARM_GCC_541\Debug\main.o (EE_oo_GetEvent)
.\CortexM3\ARM_GCC_541\Debug\reaction_game_erika.a(ErikaOS_1_ee_evset.o)
                              .\CortexM3\ARM_GCC_541\Debug\main.o (EE_oo_SetEvent)
.\CortexM3\ARM_GCC_541\Debug\reaction_game_erika.a(ErikaOS_1_ee_evwait.o)
                              .\CortexM3\ARM_GCC_541\Debug\main.o (EE_oo_WaitEvent)
.\CortexM3\ARM_GCC_541\Debug\reaction_game_erika.a(ErikaOS_1_ee_gettaskid.o)
                              .\CortexM3\ARM_GCC_541\Debug\trcKernelPort.o (EE_oo_GetTaskID)
.\CortexM3\ARM_GCC_541\Debug\reaction_game_erika.a(ErikaOS_1_ee_irqendin.o)
                              .\CortexM3\ARM_GCC_541\Debug\main.o (EE_IRQ_end_post_stub)
.\CortexM3\ARM_GCC_541\Debug\reaction_game_erika.a(ErikaOS_1_ee_lookup.o)
                              .\CortexM3\ARM_GCC_541\Debug\reaction_game_erika.a(ErikaOS_1_ee_irqendin.o) (EE_oo_IRQ_disable_count)
.\CortexM3\ARM_GCC_541\Debug\reaction_game_erika.a(ErikaOS_1_ee_rq_exchg.o)
                              .\CortexM3\ARM_GCC_541\Debug\reaction_game_erika.a(ErikaOS_1_ee_activate.o) (EE_rq2stk_exchange)
.\CortexM3\ARM_GCC_541\Debug\reaction_game_erika.a(ErikaOS_1_ee_rq_first.o)
                              .\CortexM3\ARM_GCC_541\Debug\reaction_game_erika.a(ErikaOS_1_ee_activate.o) (EE_rq_queryfirst)
.\CortexM3\ARM_GCC_541\Debug\reaction_game_erika.a(ErikaOS_1_ee_rq_inser.o)
                              .\CortexM3\ARM_GCC_541\Debug\reaction_game_erika.a(ErikaOS_1_ee_activate.o) (EE_rq_insert)
.\CortexM3\ARM_GCC_541\Debug\reaction_game_erika.a(ErikaOS_1_ee_terminat.o)
                              .\CortexM3\ARM_GCC_541\Debug\main.o (EE_oo_TerminateTask)
.\CortexM3\ARM_GCC_541\Debug\reaction_game_erika.a(ErikaOS_1_cortex_mx_ee_utils.o)
                              .\CortexM3\ARM_GCC_541\Debug\main.o (EE_system_init)
.\CortexM3\ARM_GCC_541\Debug\reaction_game_erika.a(ErikaOS_1_common_ee_hal_structs.o)
                              .\CortexM3\ARM_GCC_541\Debug\reaction_game_erika.a(ErikaOS_1_ee_irqendin.o) (EE_std_endcycle_next_tid)
.\CortexM3\ARM_GCC_541\Debug\reaction_game_erika.a(ErikaOS_1_eecfg.o)
                              .\CortexM3\ARM_GCC_541\Debug\reaction_game_erika.a(ErikaOS_1_ee_altick.o) (EE_oo_action_ROM)
.\CortexM3\ARM_GCC_541\Debug\reaction_game_erika.a(SEVEN_DP.o)
                              .\CortexM3\ARM_GCC_541\Debug\seven.o (SEVEN_DP_Write)
.\CortexM3\ARM_GCC_541\Debug\reaction_game_erika.a(SEVEN_SELECT.o)
                              .\CortexM3\ARM_GCC_541\Debug\seven.o (SEVEN_SELECT_Write)
.\CortexM3\ARM_GCC_541\Debug\reaction_game_erika.a(SEVEN_reg.o)
                              .\CortexM3\ARM_GCC_541\Debug\seven.o (SEVEN_reg_Write)
.\CortexM3\ARM_GCC_541\Debug\reaction_game_erika.a(BUTTON_1.o)
                              .\CortexM3\ARM_GCC_541\Debug\button.o (BUTTON_1_Read)
.\CortexM3\ARM_GCC_541\Debug\reaction_game_erika.a(isr_Button.o)
                              .\CortexM3\ARM_GCC_541\Debug\button.o (isr_Button_StartEx)
.\CortexM3\ARM_GCC_541\Debug\reaction_game_erika.a(BUTTON_2.o)
                              .\CortexM3\ARM_GCC_541\Debug\button.o (BUTTON_2_Read)
.\CortexM3\ARM_GCC_541\Debug\reaction_game_erika.a(BUTTON_3.o)
                              .\CortexM3\ARM_GCC_541\Debug\button.o (BUTTON_3_Read)
.\CortexM3\ARM_GCC_541\Debug\reaction_game_erika.a(BUTTON_4.o)
                              .\CortexM3\ARM_GCC_541\Debug\button.o (BUTTON_4_Read)
.\CortexM3\ARM_GCC_541\Debug\reaction_game_erika.a(LED_red.o)
                              .\CortexM3\ARM_GCC_541\Debug\led.o (LED_red_Write)
.\CortexM3\ARM_GCC_541\Debug\reaction_game_erika.a(LED_yellow.o)
                              .\CortexM3\ARM_GCC_541\Debug\led.o (LED_yellow_Write)
.\CortexM3\ARM_GCC_541\Debug\reaction_game_erika.a(LED_green.o)
                              .\CortexM3\ARM_GCC_541\Debug\led.o (LED_green_Write)
.\CortexM3\ARM_GCC_541\Debug\reaction_game_erika.a(UART_LOG.o)
                              .\CortexM3\ARM_GCC_541\Debug\logging.o (UART_LOG_Start)
.\CortexM3\ARM_GCC_541\Debug\reaction_game_erika.a(RGB_PWM_red.o)
[...]
Memory Configuration

Name             Origin             Length             Attributes
rom              0x00000000         0x00040000         xr
ram              0x1fff8000         0x00010000         xrw
*default*        0x00000000         0xffffffff

Linker script and memory map

LOAD c:/program files (x86)/cypress/psoc creator/4.4/psoc creator/import/gnu/arm/5.4.1/bin/../lib/gcc/arm-none-eabi/5.4.1/armv7-m/crti.o
LOAD c:/program files (x86)/cypress/psoc creator/4.4/psoc creator/import/gnu/arm/5.4.1/bin/../lib/gcc/arm-none-eabi/5.4.1/armv7-m/crtbegin.o
LOAD c:/program files (x86)/cypress/psoc creator/4.4/psoc creator/import/gnu/arm/5.4.1/bin/../lib/gcc/arm-none-eabi/5.4.1/../../../../arm-none-eabi/lib/armv7-m/crt0.o
START GROUP
LOAD .\CortexM3\ARM_GCC_541\Debug\main.o
LOAD .\CortexM3\ARM_GCC_541\Debug\trcStreamingPort.o
LOAD .\CortexM3\ARM_GCC_541\Debug\trcKernelPort.o
LOAD .\CortexM3\ARM_GCC_541\Debug\trcSnapshotRecorder.o
LOAD .\CortexM3\ARM_GCC_541\Debug\trcStreamingRecorder.o
LOAD .\CortexM3\ARM_GCC_541\Debug\button.o
LOAD .\CortexM3\ARM_GCC_541\Debug\joystick.o
LOAD .\CortexM3\ARM_GCC_541\Debug\led.o
LOAD .\CortexM3\ARM_GCC_541\Debug\seven.o
LOAD .\CortexM3\ARM_GCC_541\Debug\logging.o
LOAD .\CortexM3\ARM_GCC_541\Debug\tft.o
LOAD .\CortexM3\ARM_GCC_541\Debug\cyfitter_cfg.o
LOAD .\CortexM3\ARM_GCC_541\Debug\cymetadata.o
LOAD .\CortexM3\ARM_GCC_541\Debug\Cm3Start.o
LOAD .\CortexM3\ARM_GCC_541\Debug\reaction_game_erika.a
LOAD C:\Program Files (x86)\Cypress\PSoC Creator\4.4\PSoC Creator\psoc\content\cycomponentlibrary\CyComponentLibrary.cylib\CortexM3\ARM_GCC_541\Debug\CyComponentLibrary.a
END GROUP
START GROUP
LOAD c:/program files (x86)/cypress/psoc creator/4.4/psoc creator/import/gnu/arm/5.4.1/bin/../lib/gcc/arm-none-eabi/5.4.1/armv7-m\libgcc.a
LOAD c:/program files (x86)/cypress/psoc creator/4.4/psoc creator/import/gnu/arm/5.4.1/bin/../lib/gcc/arm-none-eabi/5.4.1/../../../../arm-none-eabi/lib/armv7-m\libg_nano.a
LOAD c:/program files (x86)/cypress/psoc creator/4.4/psoc creator/import/gnu/arm/5.4.1/bin/../lib/gcc/arm-none-eabi/5.4.1/../../../../arm-none-eabi/lib/armv7-m\libc_nano.a
END GROUP
START GROUP
LOAD c:/program files (x86)/cypress/psoc creator/4.4/psoc creator/import/gnu/arm/5.4.1/bin/../lib/gcc/arm-none-eabi/5.4.1/armv7-m\libgcc.a
LOAD c:/program files (x86)/cypress/psoc creator/4.4/psoc creator/import/gnu/arm/5.4.1/bin/../lib/gcc/arm-none-eabi/5.4.1/../../../../arm-none-eabi/lib/armv7-m\libc_nano.a
END GROUP
LOAD c:/program files (x86)/cypress/psoc creator/4.4/psoc creator/import/gnu/arm/5.4.1/bin/../lib/gcc/arm-none-eabi/5.4.1/armv7-m/crtend.o
LOAD c:/program files (x86)/cypress/psoc creator/4.4/psoc creator/import/gnu/arm/5.4.1/bin/../lib/gcc/arm-none-eabi/5.4.1/armv7-m/crtn.o
START GROUP
LOAD c:/program files (x86)/cypress/psoc creator/4.4/psoc creator/import/gnu/arm/5.4.1/bin/../lib/gcc/arm-none-eabi/5.4.1/armv7-m\libgcc.a
LOAD c:/program files (x86)/cypress/psoc creator/4.4/psoc creator/import/gnu/arm/5.4.1/bin/../lib/gcc/arm-none-eabi/5.4.1/../../../../arm-none-eabi/lib/armv7-m\libc.a
LOAD c:/program files (x86)/cypress/psoc creator/4.4/psoc creator/import/gnu/arm/5.4.1/bin/../lib/gcc/arm-none-eabi/5.4.1/../../../../arm-none-eabi/lib/armv7-m\libnosys.a
END GROUP
                0x00000000                CY_APPL_ORIGIN = 0x0
                0x00000100                CY_FLASH_ROW_SIZE = 0x100
                0x00000020                CY_ECC_ROW_SIZE = 0x20
                0x00000000                CY_EE_IN_BTLDR = 0x0
                0x00000000                CY_APPL_LOADABLE = 0x0
                0x00000800                CY_EE_SIZE = 0x800
                0x00000001                CY_APPL_NUM = 0x1
                0x00000001                CY_APPL_MAX = 0x1
                0x00000040                CY_METADATA_SIZE = 0x40
                0x00000000                CY_APPL_LOADABLE = 0x0
                0x00000000                CY_CHECKSUM_EXCLUDE_SIZE = ALIGN (0x0, CY_FLASH_ROW_SIZE)
                [!provide]                PROVIDE (__cy_heap_start, _end)
                0x00000001                PROVIDE (__cy_region_num, ((__cy_regions_end - __cy_regions) / 0x10))
                0x20008000                PROVIDE (__cy_stack, (ORIGIN (ram) + LENGTH (ram)))
                [!provide]                PROVIDE (__cy_heap_end, (__cy_stack - 0x800))

.cybootloader   0x00000000        0x0
 *(.cybootloader)
                0x00000000                appl1_start = CY_APPL_ORIGIN?CY_APPL_ORIGIN:ALIGN (CY_FLASH_ROW_SIZE)
                0x0001ff00                appl2_start = (appl1_start + ALIGN ((((LENGTH (rom) - appl1_start) - (0x2 * CY_FLASH_ROW_SIZE)) / 0x2), CY_FLASH_ROW_SIZE))
                0x00000000                appl_start = (CY_APPL_NUM == 0x1)?appl1_start:appl2_start
                0x00000000                ecc_offset = ((appl_start / CY_FLASH_ROW_SIZE) * CY_ECC_ROW_SIZE)
                0x00000000                ee_offset = (CY_APPL_LOADABLE && ! (CY_EE_IN_BTLDR))?((CY_EE_SIZE / CY_APPL_MAX) * (CY_APPL_NUM - 0x1)):0x0
                0x00000800                ee_size = (CY_APPL_LOADABLE && ! (CY_EE_IN_BTLDR))?(CY_EE_SIZE / CY_APPL_MAX):CY_EE_SIZE
                [!provide]                PROVIDE (CY_ECC_OFFSET, ecc_offset)

.text           0x00000000      0x8fe
 CREATE_OBJECT_SYMBOLS
                0x00000000                PROVIDE (__cy_interrupt_vector, RomVectors)
 *(.romvectors)
 .romvectors    0x00000000       0x10 .\CortexM3\ARM_GCC_541\Debug\Cm3Start.o
                0x00000000                RomVectors
                0x00000001                ASSERT ((. != __cy_interrupt_vector), No interrupt vector)
                0x00000001                ASSERT (CY_APPL_ORIGIN?(SIZEOF (.cybootloader) <= CY_APPL_ORIGIN):0x1, Wrong image location)
                0x00000010                PROVIDE (__cy_reset, Reset)
 *(.text.Reset)
 .text.Reset    0x00000010       0x18 .\CortexM3\ARM_GCC_541\Debug\Cm3Start.o
                0x00000010                Reset
                0x00000001                ASSERT ((. != __cy_reset), No reset code)
 *(.dma_init)
                0x00000001                ASSERT ((((appl_start + .) <= 0x10000) || 0x1), DMA Init must be within the first 64k of flash)
 *(.text .text.* .gnu.linkonce.t.*)
 .text          0x00000028       0x5c c:/program files (x86)/cypress/psoc creator/4.4/psoc creator/import/gnu/arm/5.4.1/bin/../lib/gcc/arm-none-eabi/5.4.1/armv7-m/crtbegin.o
 .text.setColor
                0x00000084       0x8c .\CortexM3\ARM_GCC_541\Debug\main.o
                0x00000084                setColor
 .text.main     0x00000110       0x64 .\CortexM3\ARM_GCC_541\Debug\main.o
                0x00000110                main
 .text.LED_Set  0x00000174       0x60 .\CortexM3\ARM_GCC_541\Debug\led.o
                0x00000174                LED_Set
 .text.LED_Init
                0x000001d4       0x34 .\CortexM3\ARM_GCC_541\Debug\led.o
                0x000001d4                LED_Init
 .text.LED_RGB_Set
                0x00000208       0x28 .\CortexM3\ARM_GCC_541\Debug\led.o
                0x00000208                LED_RGB_Set
 .text.CyClockStartupError
                0x00000230        0x4 .\CortexM3\ARM_GCC_541\Debug\cyfitter_cfg.o
 .text.cfg_write_bytes32
                0x00000234       0x34 .\CortexM3\ARM_GCC_541\Debug\cyfitter_cfg.o
 .text.ClockSetup
                0x00000268       0xec .\CortexM3\ARM_GCC_541\Debug\cyfitter_cfg.o
 .text.CYMEMZERO
                0x00000354        0xc .\CortexM3\ARM_GCC_541\Debug\cyfitter_cfg.o
 .text.AnalogSetDefault
                0x00000360       0x7c .\CortexM3\ARM_GCC_541\Debug\cyfitter_cfg.o
 .text.CYCONFIGCPY
                0x000003dc        0x8 .\CortexM3\ARM_GCC_541\Debug\cyfitter_cfg.o
 .text.cyfitter_cfg
                0x000003e4      0x148 .\CortexM3\ARM_GCC_541\Debug\cyfitter_cfg.o
                0x000003e4                cyfitter_cfg
 .text.IntDefaultHandler
                0x0000052c       0x10 .\CortexM3\ARM_GCC_541\Debug\Cm3Start.o
                0x0000052c                IntDefaultHandler
 .text.Start_c  0x0000053c       0x4c .\CortexM3\ARM_GCC_541\Debug\Cm3Start.o
                0x0000053c                Start_c
 .text.initialize_psoc
                0x00000588       0x6c .\CortexM3\ARM_GCC_541\Debug\Cm3Start.o
                0x00000588                initialize_psoc
 .text.LED_red_Write
                0x000005f4       0x18 .\CortexM3\ARM_GCC_541\Debug\reaction_game_erika.a(LED_red.o)
                0x000005f4                LED_red_Write
 .text.LED_yellow_Write
                0x0000060c       0x18 .\CortexM3\ARM_GCC_541\Debug\reaction_game_erika.a(LED_yellow.o)
                0x0000060c                LED_yellow_Write
 .text.LED_green_Write
                0x00000624       0x18 .\CortexM3\ARM_GCC_541\Debug\reaction_game_erika.a(LED_green.o)
                0x00000624                LED_green_Write
 .text.RGB_PWM_red_Enable
                0x0000063c       0x10 .\CortexM3\ARM_GCC_541\Debug\reaction_game_erika.a(RGB_PWM_red.o)
                0x0000063c                RGB_PWM_red_Enable
 .text.RGB_PWM_red_WriteCounter
                0x0000064c        0xc .\CortexM3\ARM_GCC_541\Debug\reaction_game_erika.a(RGB_PWM_red.o)
                0x0000064c                RGB_PWM_red_WriteCounter
 .text.RGB_PWM_red_WritePeriod
                0x00000658        0xc .\CortexM3\ARM_GCC_541\Debug\reaction_game_erika.a(RGB_PWM_red.o)
                0x00000658                RGB_PWM_red_WritePeriod
 .text.RGB_PWM_red_WriteCompare
                0x00000664        0xc .\CortexM3\ARM_GCC_541\Debug\reaction_game_erika.a(RGB_PWM_red.o)
                0x00000664                RGB_PWM_red_WriteCompare
 .text.RGB_PWM_red_Init
                0x00000670       0x40 .\CortexM3\ARM_GCC_541\Debug\reaction_game_erika.a(RGB_PWM_red.o)
                0x00000670                RGB_PWM_red_Init
 .text.RGB_PWM_red_Start
                0x000006b0       0x1c .\CortexM3\ARM_GCC_541\Debug\reaction_game_erika.a(RGB_PWM_red.o)
                0x000006b0                RGB_PWM_red_Start
 .text.RGB_PWM_green_Enable
                0x000006cc       0x10 .\CortexM3\ARM_GCC_541\Debug\reaction_game_erika.a(RGB_PWM_green.o)
                0x000006cc                RGB_PWM_green_Enable
 .text.RGB_PWM_green_WriteCounter
                0x000006dc        0xc .\CortexM3\ARM_GCC_541\Debug\reaction_game_erika.a(RGB_PWM_green.o)
                0x000006dc                RGB_PWM_green_WriteCounter
 .text.RGB_PWM_green_WritePeriod
                0x000006e8        0xc .\CortexM3\ARM_GCC_541\Debug\reaction_game_erika.a(RGB_PWM_green.o)
                0x000006e8                RGB_PWM_green_WritePeriod
 .text.RGB_PWM_green_WriteCompare
                0x000006f4        0xc .\CortexM3\ARM_GCC_541\Debug\reaction_game_erika.a(RGB_PWM_green.o)
                0x000006f4                RGB_PWM_green_WriteCompare
 .text.RGB_PWM_green_Init
                0x00000700       0x40 .\CortexM3\ARM_GCC_541\Debug\reaction_game_erika.a(RGB_PWM_green.o)
                0x00000700                RGB_PWM_green_Init
 .text.RGB_PWM_green_Start
                0x00000740       0x1c .\CortexM3\ARM_GCC_541\Debug\reaction_game_erika.a(RGB_PWM_green.o)
                0x00000740                RGB_PWM_green_Start
 .text.RGB_PWM_blue_Enable
                0x0000075c       0x10 .\CortexM3\ARM_GCC_541\Debug\reaction_game_erika.a(RGB_PWM_blue.o)
                0x0000075c                RGB_PWM_blue_Enable
 .text.RGB_PWM_blue_WriteCounter
                0x0000076c        0xc .\CortexM3\ARM_GCC_541\Debug\reaction_game_erika.a(RGB_PWM_blue.o)
                0x0000076c                RGB_PWM_blue_WriteCounter
 .text.RGB_PWM_blue_WritePeriod
                0x00000778        0xc .\CortexM3\ARM_GCC_541\Debug\reaction_game_erika.a(RGB_PWM_blue.o)
                0x00000778                RGB_PWM_blue_WritePeriod
 .text.RGB_PWM_blue_WriteCompare
                0x00000784        0xc .\CortexM3\ARM_GCC_541\Debug\reaction_game_erika.a(RGB_PWM_blue.o)
                0x00000784                RGB_PWM_blue_WriteCompare
 .text.RGB_PWM_blue_Init
                0x00000790       0x40 .\CortexM3\ARM_GCC_541\Debug\reaction_game_erika.a(RGB_PWM_blue.o)
                0x00000790                RGB_PWM_blue_Init
 .text.RGB_PWM_blue_Start
                0x000007d0       0x1c .\CortexM3\ARM_GCC_541\Debug\reaction_game_erika.a(RGB_PWM_blue.o)
                0x000007d0                RGB_PWM_blue_Start
 .text.CyDmacConfigure
                0x000007ec       0x34 .\CortexM3\ARM_GCC_541\Debug\reaction_game_erika.a(CyDmac.o)
                0x000007ec                CyDmacConfigure
 .text.CyDelay  0x00000820       0x2c .\CortexM3\ARM_GCC_541\Debug\reaction_game_erika.a(CyLib.o)
                0x00000820                CyDelay
 .text.CyDelayUs
                0x0000084c       0x14 .\CortexM3\ARM_GCC_541\Debug\reaction_game_erika.a(CyLib.o)
                0x0000084c                CyDelayUs
 .text          0x00000860       0x20 .\CortexM3\ARM_GCC_541\Debug\reaction_game_erika.a(CyBootAsmGnu.o)
                0x00000860                CyDelayCycles
                0x00000870                CyEnterCriticalSection
                0x00000878                CyExitCriticalSection
 .text.__errno  0x00000880        0xc c:/program files (x86)/cypress/psoc creator/4.4/psoc creator/import/gnu/arm/5.4.1/bin/../lib/gcc/arm-none-eabi/5.4.1/../../../../arm-none-eabi/lib/armv7-m\libg_nano.a(lib_a-errno.o)
                0x00000880                __errno
 .text.__libc_init_array
                0x0000088c       0x4c c:/program files (x86)/cypress/psoc creator/4.4/psoc creator/import/gnu/arm/5.4.1/bin/../lib/gcc/arm-none-eabi/5.4.1/../../../../arm-none-eabi/lib/armv7-m\libg_nano.a(lib_a-init.o)
                0x0000088c                __libc_init_array
 .text.memcpy   0x000008d8       0x16 c:/program files (x86)/cypress/psoc creator/4.4/psoc creator/import/gnu/arm/5.4.1/bin/../lib/gcc/arm-none-eabi/5.4.1/../../../../arm-none-eabi/lib/armv7-m\libg_nano.a(lib_a-memcpy-stub.o)
                0x000008d8                memcpy
 .text.memset   0x000008ee       0x10 c:/program files (x86)/cypress/psoc creator/4.4/psoc creator/import/gnu/arm/5.4.1/bin/../lib/gcc/arm-none-eabi/5.4.1/../../../../arm-none-eabi/lib/armv7-m\libg_nano.a(lib_a-memset.o)
                0x000008ee                memset
 *(.plt)
 *(.gnu.warning)
 *(.glue_7t)
 .glue_7t       0x000008fe        0x0 linker stubs
 *(.glue_7)
 .glue_7        0x000008fe        0x0 linker stubs
 *(.vfp11_veneer)
 .vfp11_veneer  0x000008fe        0x0 linker stubs
 *(.bootloader)
 *(.ARM.extab* .gnu.linkonce.armextab.*)
 *(.gcc_except_table)

.v4_bx          0x00000900        0x0
 .v4_bx         0x00000900        0x0 linker stubs

.iplt           0x00000900        0x0
 .iplt          0x00000900        0x0 c:/program files (x86)/cypress/psoc creator/4.4/psoc creator/import/gnu/arm/5.4.1/bin/../lib/gcc/arm-none-eabi/5.4.1/armv7-m/crtbegin.o

.eh_frame_hdr
 *(.eh_frame_hdr)

.eh_frame       0x00000900        0x4
 *(.eh_frame)
 .eh_frame      0x00000900        0x0 c:/program files (x86)/cypress/psoc creator/4.4/psoc creator/import/gnu/arm/5.4.1/bin/../lib/gcc/arm-none-eabi/5.4.1/armv7-m/crtbegin.o
 .eh_frame      0x00000900        0x4 c:/program files (x86)/cypress/psoc creator/4.4/psoc creator/import/gnu/arm/5.4.1/bin/../lib/gcc/arm-none-eabi/5.4.1/armv7-m/crtend.o
                [!provide]                PROVIDE (__exidx_start, .)

.ARM.exidx
 *(.ARM.exidx* .gnu.linkonce.armexidx.*)
                0x00000904                __exidx_end = .

.rodata         0x00000904      0x274
 *(.rodata .rodata.* .gnu.linkonce.r.*)
 .rodata        0x00000904      0x200 .\CortexM3\ARM_GCC_541\Debug\led.o
 .rodata        0x00000b04       0x3a .\CortexM3\ARM_GCC_541\Debug\cyfitter_cfg.o
 .rodata.str1.1
                0x00000b3e        0x2 c:/program files (x86)/cypress/psoc creator/4.4/psoc creator/import/gnu/arm/5.4.1/bin/../lib/gcc/arm-none-eabi/5.4.1/../../../../arm-none-eabi/lib/armv7-m\libg_nano.a(lib_a-impure.o)
                0x00000b40                . = ALIGN (0x4)
 *(.init)
 .init          0x00000b40        0x4 c:/program files (x86)/cypress/psoc creator/4.4/psoc creator/import/gnu/arm/5.4.1/bin/../lib/gcc/arm-none-eabi/5.4.1/armv7-m/crti.o
                0x00000b40                _init
 .init          0x00000b44        0x8 c:/program files (x86)/cypress/psoc creator/4.4/psoc creator/import/gnu/arm/5.4.1/bin/../lib/gcc/arm-none-eabi/5.4.1/armv7-m/crtn.o
                0x00000b4c                . = ALIGN (0x4)
                0x00000b4c                __preinit_array_start = .
 *(.preinit_array)
                0x00000b4c                __preinit_array_end = .
                0x00000b4c                . = ALIGN (0x4)
                0x00000b4c                __init_array_start = .
 *(SORT(.init_array.*))
 *(.init_array)
 .init_array    0x00000b4c        0x4 c:/program files (x86)/cypress/psoc creator/4.4/psoc creator/import/gnu/arm/5.4.1/bin/../lib/gcc/arm-none-eabi/5.4.1/armv7-m/crtbegin.o
 .init_array    0x00000b50        0x4 .\CortexM3\ARM_GCC_541\Debug\Cm3Start.o
                0x00000b54                __init_array_end = .
                0x00000b54                . = ALIGN (0x4)
 *(.fini)
 .fini          0x00000b54        0x4 c:/program files (x86)/cypress/psoc creator/4.4/psoc creator/import/gnu/arm/5.4.1/bin/../lib/gcc/arm-none-eabi/5.4.1/armv7-m/crti.o
                0x00000b54                _fini
 .fini          0x00000b58        0x8 c:/program files (x86)/cypress/psoc creator/4.4/psoc creator/import/gnu/arm/5.4.1/bin/../lib/gcc/arm-none-eabi/5.4.1/armv7-m/crtn.o
                0x00000b60                . = ALIGN (0x4)
                0x00000b60                __fini_array_start = .
 *(.fini_array)
 .fini_array    0x00000b60        0x4 c:/program files (x86)/cypress/psoc creator/4.4/psoc creator/import/gnu/arm/5.4.1/bin/../lib/gcc/arm-none-eabi/5.4.1/armv7-m/crtbegin.o
 *(SORT(.fini_array.*))
                0x00000b64                __fini_array_end = .
                0x00000b64                . = ALIGN (0x4)
 *crtbegin.o(.ctors)
 *(EXCLUDE_FILE(*crtend.o) .ctors)
 *(SORT(.ctors.*))
 *crtend.o(.ctors)
                0x00000b64                . = ALIGN (0x4)
 *crtbegin.o(.dtors)
 *(EXCLUDE_FILE(*crtend.o) .dtors)
 *(SORT(.dtors.*))
 *crtend.o(.dtors)
                0x00000b64                . = ALIGN (0x4)
                0x00000b64                __cy_regions = .
                0x00000b64        0x4 LONG 0xb78 __cy_region_init_ram
                0x00000b68        0x4 LONG 0x1fff80c8 __cy_region_start_data
                0x00000b6c        0x4 LONG 0x80 __cy_region_init_size_ram
                0x00000b70        0x4 LONG 0x38 __cy_region_zero_size_ram
                0x00000b74                __cy_regions_end = .
                0x00000b78                . = ALIGN (0x8)
 *fill*         0x00000b74        0x4 
                0x00000b78                _etext = .

.cy_checksum_exclude
                0x00000b78        0x0
 *(.cy_checksum_exclude)

.ramvectors     0x1fff8000       0xc0
                0x1fff8000                __cy_region_start_ram = .
 *(.ramvectors)
 .ramvectors    0x1fff8000       0xc0 .\CortexM3\ARM_GCC_541\Debug\Cm3Start.o
                0x1fff8000                CyRamVectors

.noinit         0x1fff80c0        0x1
 *(.noinit)
 .noinit        0x1fff80c0        0x1 .\CortexM3\ARM_GCC_541\Debug\reaction_game_erika.a(CyLib.o)
                0x1fff80c0                CyResetStatus

.data           0x1fff80c8       0x80 load address 0x00000b78
                0x1fff80c8                __cy_region_start_data = .
 *(.jcr)
 .jcr           0x1fff80c8        0x0 c:/program files (x86)/cypress/psoc creator/4.4/psoc creator/import/gnu/arm/5.4.1/bin/../lib/gcc/arm-none-eabi/5.4.1/armv7-m/crtbegin.o
 .jcr           0x1fff80c8        0x4 c:/program files (x86)/cypress/psoc creator/4.4/psoc creator/import/gnu/arm/5.4.1/bin/../lib/gcc/arm-none-eabi/5.4.1/armv7-m/crtend.o
 *(.got.plt)
 *(.got)
 *(.shdata)
 *(.data .data.* .gnu.linkonce.d.*)
 .data          0x1fff80cc        0x8 .\CortexM3\ARM_GCC_541\Debug\reaction_game_erika.a(CyDmac.o)
 .data          0x1fff80d4       0x10 .\CortexM3\ARM_GCC_541\Debug\reaction_game_erika.a(CyLib.o)
                0x1fff80d4                cydelay_32k_ms
                0x1fff80d8                cydelay_freq_khz
                0x1fff80dc                cydelay_freq_mhz
                0x1fff80e0                cydelay_freq_hz
 .data.impure_data
                0x1fff80e4       0x60 c:/program files (x86)/cypress/psoc creator/4.4/psoc creator/import/gnu/arm/5.4.1/bin/../lib/gcc/arm-none-eabi/5.4.1/../../../../arm-none-eabi/lib/armv7-m\libg_nano.a(lib_a-impure.o)
 .data._impure_ptr
                0x1fff8144        0x4 c:/program files (x86)/cypress/psoc creator/4.4/psoc creator/import/gnu/arm/5.4.1/bin/../lib/gcc/arm-none-eabi/5.4.1/../../../../arm-none-eabi/lib/armv7-m\libg_nano.a(lib_a-impure.o)
                0x1fff8144                _impure_ptr
                0x1fff8148                . = ALIGN (0x8)
 *(.ram)
                0x1fff8148                _edata = .

.igot.plt       0x1fff8148        0x0 load address 0x00000bf8
 .igot.plt      0x1fff8148        0x0 c:/program files (x86)/cypress/psoc creator/4.4/psoc creator/import/gnu/arm/5.4.1/bin/../lib/gcc/arm-none-eabi/5.4.1/armv7-m/crtbegin.o

.bss            0x1fff8148       0x38 load address 0x00000bf8
                0x1fff8148                PROVIDE (__bss_start__, .)
 *(.shbss)
 *(.bss .bss.* .gnu.linkonce.b.*)
 .bss           0x1fff8148       0x1c c:/program files (x86)/cypress/psoc creator/4.4/psoc creator/import/gnu/arm/5.4.1/bin/../lib/gcc/arm-none-eabi/5.4.1/armv7-m/crtbegin.o
 .bss           0x1fff8164        0xe .\CortexM3\ARM_GCC_541\Debug\main.o
                0x1fff8164                r
                0x1fff8168                g
                0x1fff816c                b
 *fill*         0x1fff8172        0x2 
 .bss           0x1fff8174        0x3 .\CortexM3\ARM_GCC_541\Debug\led.o
 .bss           0x1fff8177        0x1 .\CortexM3\ARM_GCC_541\Debug\reaction_game_erika.a(RGB_PWM_red.o)
                0x1fff8177                RGB_PWM_red_initVar
 .bss           0x1fff8178        0x1 .\CortexM3\ARM_GCC_541\Debug\reaction_game_erika.a(RGB_PWM_green.o)
                0x1fff8178                RGB_PWM_green_initVar
 .bss           0x1fff8179        0x1 .\CortexM3\ARM_GCC_541\Debug\reaction_game_erika.a(RGB_PWM_blue.o)
                0x1fff8179                RGB_PWM_blue_initVar
 *(COMMON)
                0x1fff8180                . = ALIGN (0x8)
 *fill*         0x1fff817a        0x6 
 *(.ram.b)
                0x1fff8180                _end = .
                0x1fff8180                __end = .
                0x1fff8180                PROVIDE (end, .)
                0x1fff8180                PROVIDE (__bss_end__, .)
                0x00000b78                __cy_region_init_ram = LOADADDR (.data)
                0x00000080                __cy_region_init_size_ram = (_edata - ADDR (.data))
                0x00000038                __cy_region_zero_size_ram = (_end - _edata)

.heap           0x1fff8180       0x80 load address 0x00000bf8
                0x1fff8180                . = _end
                0x1fff8200                . = (. + 0x80)
 *fill*         0x1fff8180       0x80 
                0x1fff8200                __cy_heap_limit = .

.stack          0x20007800      0x800
                0x20007800                __cy_stack_limit = .
                0x20008000                . = (. + 0x800)
 *fill*         0x20007800      0x800 
                0x00000001                ASSERT ((__cy_stack_limit >= __cy_heap_limit), region RAM overflowed with stack)
                0x00000000                cy_checksum_exclude_size = (CY_APPL_LOADABLE == 0x1)?SIZEOF (.cy_checksum_exclude):0x0
                0x00000001                ASSERT ((cy_checksum_exclude_size <= CY_CHECKSUM_EXCLUDE_SIZE), CY_BOOT: Section .cy_checksum_exclude size exceedes specified limit.)

.cyloadermeta
 *(.cyloadermeta)

.cyloadablemeta
 *(.cyloadablemeta)

.cyconfigecc    0x80000000      0xd6c
 *(.cyconfigecc)
 .cyconfigecc   0x80000000      0xd6c .\CortexM3\ARM_GCC_541\Debug\cymetadata.o
                0x80000000                cy_meta_configecc

.cycustnvl      0x90000000        0x4
 *(.cycustnvl)
 .cycustnvl     0x90000000        0x4 .\CortexM3\ARM_GCC_541\Debug\cymetadata.o
                0x90000000                cy_meta_custnvl

.cywolatch      0x90100000        0x4
 *(.cywolatch)
 .cywolatch     0x90100000        0x4 .\CortexM3\ARM_GCC_541\Debug\cymetadata.o
                0x90100000                cy_meta_wonvl

.cyeeprom       0x90200000        0x0
 *(.cyeeprom)
                0x00000001                ASSERT ((. <= ((0x90200000 + ee_offset) + ee_size)), .cyeeprom data will not fit in EEPROM)

.cyflashprotect
                0x90400000      0x100
 *(.cyflashprotect)
 .cyflashprotect
                0x90400000      0x100 .\CortexM3\ARM_GCC_541\Debug\cymetadata.o
                0x90400000                cy_meta_flashprotect

.cymeta         0x90500000        0xc
 *(.cymeta)
 .cymeta        0x90500000        0xc .\CortexM3\ARM_GCC_541\Debug\cymetadata.o
                0x90500000                cy_metadata

.rel.dyn        0x00000bf8        0x0 load address 0x9050000c
 .rel.iplt      0x00000bf8        0x0 c:/program files (x86)/cypress/psoc creator/4.4/psoc creator/import/gnu/arm/5.4.1/bin/../lib/gcc/arm-none-eabi/5.4.1/armv7-m/crtbegin.o

.stab
 *(.stab)

.stabstr
 *(.stabstr)

.debug
 *(.debug)

.line
 *(.line)

.debug_srcinfo
 *(.debug_srcinfo)

.debug_sfnames
 *(.debug_sfnames)

.debug_aranges  0x00000000     0x1c50
 *(.debug_aranges)
 .debug_aranges
                0x00000000       0x70 .\CortexM3\ARM_GCC_541\Debug\main.o
 .debug_aranges
                0x00000070       0x30 .\CortexM3\ARM_GCC_541\Debug\trcStreamingPort.o
 .debug_aranges
                0x000000a0       0x78 .\CortexM3\ARM_GCC_541\Debug\trcKernelPort.o
 .debug_aranges
                0x00000118       0x18 .\CortexM3\ARM_GCC_541\Debug\trcSnapshotRecorder.o
 .debug_aranges
                0x00000130      0x188 .\CortexM3\ARM_GCC_541\Debug\trcStreamingRecorder.o
 .debug_aranges
                0x000002b8       0x28 .\CortexM3\ARM_GCC_541\Debug\button.o
 .debug_aranges
                0x000002e0       0x28 .\CortexM3\ARM_GCC_541\Debug\joystick.o
 .debug_aranges
                0x00000308       0x38 .\CortexM3\ARM_GCC_541\Debug\led.o
 .debug_aranges
                0x00000340       0x48 .\CortexM3\ARM_GCC_541\Debug\seven.o
 .debug_aranges
                0x00000388       0x28 .\CortexM3\ARM_GCC_541\Debug\logging.o
 .debug_aranges
                0x000003b0      0x178 .\CortexM3\ARM_GCC_541\Debug\tft.o
 .debug_aranges
                0x00000528       0x58 .\CortexM3\ARM_GCC_541\Debug\cyfitter_cfg.o
 .debug_aranges
                0x00000580       0x18 .\CortexM3\ARM_GCC_541\Debug\cymetadata.o
 .debug_aranges
                0x00000598       0x48 .\CortexM3\ARM_GCC_541\Debug\Cm3Start.o
 .debug_aranges
                0x000005e0       0x20 .\CortexM3\ARM_GCC_541\Debug\reaction_game_erika.a(ErikaOS_1_ee_activate.o)
 .debug_aranges
                0x00000600       0x20 .\CortexM3\ARM_GCC_541\Debug\reaction_game_erika.a(ErikaOS_1_ee_alsetrel.o)
 .debug_aranges
                0x00000620       0x58 .\CortexM3\ARM_GCC_541\Debug\reaction_game_erika.a(ErikaOS_1_ee_altick.o)
 .debug_aranges
                0x00000678       0x20 .\CortexM3\ARM_GCC_541\Debug\reaction_game_erika.a(ErikaOS_1_ee_evclear.o)
 .debug_aranges
                0x00000698       0x20 .\CortexM3\ARM_GCC_541\Debug\reaction_game_erika.a(ErikaOS_1_ee_evget.o)
 .debug_aranges
                0x000006b8       0x20 .\CortexM3\ARM_GCC_541\Debug\reaction_game_erika.a(ErikaOS_1_ee_evset.o)
 .debug_aranges
                0x000006d8       0x20 .\CortexM3\ARM_GCC_541\Debug\reaction_game_erika.a(ErikaOS_1_ee_evwait.o)
 .debug_aranges
                0x000006f8       0x20 .\CortexM3\ARM_GCC_541\Debug\reaction_game_erika.a(ErikaOS_1_ee_gettaskid.o)
 .debug_aranges
                0x00000718       0x30 .\CortexM3\ARM_GCC_541\Debug\reaction_game_erika.a(ErikaOS_1_ee_irqendin.o)
 .debug_aranges
                0x00000748       0x18 .\CortexM3\ARM_GCC_541\Debug\reaction_game_erika.a(ErikaOS_1_ee_lookup.o)
 .debug_aranges
                0x00000760       0x20 .\CortexM3\ARM_GCC_541\Debug\reaction_game_erika.a(ErikaOS_1_ee_rq_exchg.o)
 .debug_aranges
                0x00000780       0x20 .\CortexM3\ARM_GCC_541\Debug\reaction_game_erika.a(ErikaOS_1_ee_rq_first.o)
 .debug_aranges
                0x000007a0       0x20 .\CortexM3\ARM_GCC_541\Debug\reaction_game_erika.a(ErikaOS_1_ee_rq_inser.o)
 .debug_aranges
                0x000007c0       0x20 .\CortexM3\ARM_GCC_541\Debug\reaction_game_erika.a(ErikaOS_1_ee_terminat.o)
 .debug_aranges
                0x000007e0       0x20 .\CortexM3\ARM_GCC_541\Debug\reaction_game_erika.a(ErikaOS_1_cortex_mx_ee_utils.o)
 .debug_aranges
                0x00000800       0x18 .\CortexM3\ARM_GCC_541\Debug\reaction_game_erika.a(ErikaOS_1_common_ee_hal_structs.o)
 .debug_aranges
                0x00000818       0x18 .\CortexM3\ARM_GCC_541\Debug\reaction_game_erika.a(ErikaOS_1_eecfg.o)
 .debug_aranges
                0x00000830       0x38 .\CortexM3\ARM_GCC_541\Debug\reaction_game_erika.a(SEVEN_DP.o)
 .debug_aranges
                0x00000868       0x38 .\CortexM3\ARM_GCC_541\Debug\reaction_game_erika.a(SEVEN_SELECT.o)
 .debug_aranges
                0x000008a0       0x28 .\CortexM3\ARM_GCC_541\Debug\reaction_game_erika.a(SEVEN_reg.o)
 .debug_aranges
                0x000008c8       0x38 .\CortexM3\ARM_GCC_541\Debug\reaction_game_erika.a(BUTTON_1.o)
 .debug_aranges
                0x00000900       0x80 .\CortexM3\ARM_GCC_541\Debug\reaction_game_erika.a(isr_Button.o)
 .debug_aranges
                0x00000980       0x38 .\CortexM3\ARM_GCC_541\Debug\reaction_game_erika.a(BUTTON_2.o)
 .debug_aranges
                0x000009b8       0x38 .\CortexM3\ARM_GCC_541\Debug\reaction_game_erika.a(BUTTON_3.o)
 .debug_aranges
                0x000009f0       0x38 .\CortexM3\ARM_GCC_541\Debug\reaction_game_erika.a(BUTTON_4.o)
 .debug_aranges
                0x00000a28       0x38 .\CortexM3\ARM_GCC_541\Debug\reaction_game_erika.a(LED_red.o)
 .debug_aranges
                0x00000a60       0x38 .\CortexM3\ARM_GCC_541\Debug\reaction_game_erika.a(LED_yellow.o)
 .debug_aranges
                0x00000a98       0x38 .\CortexM3\ARM_GCC_541\Debug\reaction_game_erika.a(LED_green.o)
 .debug_aranges
                0x00000ad0       0xf0 .\CortexM3\ARM_GCC_541\Debug\reaction_game_erika.a(UART_LOG.o)
 .debug_aranges
                0x00000bc0       0x80 .\CortexM3\ARM_GCC_541\Debug\reaction_game_erika.a(RGB_PWM_red.o)
 .debug_aranges
                0x00000c40       0x80 .\CortexM3\ARM_GCC_541\Debug\reaction_game_erika.a(RGB_PWM_green.o)
 .debug_aranges
                0x00000cc0       0x80 .\CortexM3\ARM_GCC_541\Debug\reaction_game_erika.a(RGB_PWM_blue.o)
 .debug_aranges
                0x00000d40       0xc8 .\CortexM3\ARM_GCC_541\Debug\reaction_game_erika.a(USBUART.o)
 .debug_aranges
                0x00000e08       0xe8 .\CortexM3\ARM_GCC_541\Debug\reaction_game_erika.a(USBUART_cdc.o)
 .debug_aranges
                0x00000ef0       0x98 .\CortexM3\ARM_GCC_541\Debug\reaction_game_erika.a(USBUART_drv.o)
 .debug_aranges
                0x00000f88       0x40 .\CortexM3\ARM_GCC_541\Debug\reaction_game_erika.a(USBUART_episr.o)
 .debug_aranges
                0x00000fc8       0x40 .\CortexM3\ARM_GCC_541\Debug\reaction_game_erika.a(USBUART_pm.o)
 .debug_aranges
                0x00001008       0x80 .\CortexM3\ARM_GCC_541\Debug\reaction_game_erika.a(USBUART_std.o)
 .debug_aranges
                0x00001088       0x20 .\CortexM3\ARM_GCC_541\Debug\reaction_game_erika.a(USBUART_vnd.o)
 .debug_aranges
                0x000010a8       0xa0 .\CortexM3\ARM_GCC_541\Debug\reaction_game_erika.a(JOYSTICK_ADC_XY.o)
 .debug_aranges
                0x00001148       0x20 .\CortexM3\ARM_GCC_541\Debug\reaction_game_erika.a(JOYSTICK_ADC_XY_INT.o)
 .debug_aranges
                0x00001168       0xd8 .\CortexM3\ARM_GCC_541\Debug\reaction_game_erika.a(TFT_SPI.o)
 .debug_aranges
                0x00001240       0x38 .\CortexM3\ARM_GCC_541\Debug\reaction_game_erika.a(TFT_DC.o)
 .debug_aranges
                0x00001278       0x38 .\CortexM3\ARM_GCC_541\Debug\reaction_game_erika.a(TFT_RES.o)
 .debug_aranges
                0x000012b0       0x78 .\CortexM3\ARM_GCC_541\Debug\reaction_game_erika.a(TFT_BackLight.o)
 .debug_aranges
                0x00001328       0x70 .\CortexM3\ARM_GCC_541\Debug\reaction_game_erika.a(UART_LOG_IntClock.o)
 .debug_aranges
                0x00001398       0x48 .\CortexM3\ARM_GCC_541\Debug\reaction_game_erika.a(USBUART_Dp.o)
 .debug_aranges
                0x000013e0       0xa8 .\CortexM3\ARM_GCC_541\Debug\reaction_game_erika.a(JOYSTICK_ADC_XY_SAR.o)
 .debug_aranges
                0x00001488       0x28 .\CortexM3\ARM_GCC_541\Debug\reaction_game_erika.a(JOYSTICK_ADC_XY_TempBuf_dma.o)
 .debug_aranges
                0x000014b0       0x28 .\CortexM3\ARM_GCC_541\Debug\reaction_game_erika.a(JOYSTICK_ADC_XY_FinalBuf_dma.o)
 .debug_aranges
                0x000014d8       0x80 .\CortexM3\ARM_GCC_541\Debug\reaction_game_erika.a(JOYSTICK_ADC_XY_IRQ.o)
 .debug_aranges
                0x00001558       0x70 .\CortexM3\ARM_GCC_541\Debug\reaction_game_erika.a(TFT_SPI_IntClock.o)
 .debug_aranges
                0x000015c8       0xd8 .\CortexM3\ARM_GCC_541\Debug\reaction_game_erika.a(CyDmac.o)
 .debug_aranges
                0x000016a0      0x2a0 .\CortexM3\ARM_GCC_541\Debug\reaction_game_erika.a(CyLib.o)
 .debug_aranges
                0x00001940       0x98 .\CortexM3\ARM_GCC_541\Debug\reaction_game_erika.a(cyPm.o)
 .debug_aranges
                0x000019d8       0x20 .\CortexM3\ARM_GCC_541\Debug\reaction_game_erika.a(ErikaOS_1_ee_gnu_change_context_isr.o)
 .debug_aranges
                0x000019f8       0x20 .\CortexM3\ARM_GCC_541\Debug\reaction_game_erika.a(ErikaOS_1_ee_gnu_irq_stack.o)
 .debug_aranges
                0x00001a18       0x20 .\CortexM3\ARM_GCC_541\Debug\reaction_game_erika.a(ErikaOS_1_ee_gnu_multi_context.o)
 .debug_aranges
                0x00001a38       0x20 .\CortexM3\ARM_GCC_541\Debug\reaction_game_erika.a(ErikaOS_1_ee_gnu_oo.o)
 .debug_aranges
                0x00001a58       0x20 .\CortexM3\ARM_GCC_541\Debug\reaction_game_erika.a(CyBootAsmGnu.o)
 .debug_aranges
                0x00001a78       0x20 .\CortexM3\ARM_GCC_541\Debug\reaction_game_erika.a(ErikaOS_1_ee_tnterm.o)
 .debug_aranges
                0x00001a98       0x20 .\CortexM3\ARM_GCC_541\Debug\reaction_game_erika.a(ErikaOS_1_ee_tstub.o)
 .debug_aranges
                0x00001ab8       0x28 .\CortexM3\ARM_GCC_541\Debug\reaction_game_erika.a(ErikaOS_1_cortex_mx_ee_context.o)
 .debug_aranges
                0x00001ae0       0x20 .\CortexM3\ARM_GCC_541\Debug\reaction_game_erika.a(USBUART_cls.o)
 .debug_aranges
                0x00001b00       0x18 .\CortexM3\ARM_GCC_541\Debug\reaction_game_erika.a(USBUART_descr.o)
 .debug_aranges
                0x00001b18       0x88 .\CortexM3\ARM_GCC_541\Debug\reaction_game_erika.a(CyFlash.o)
 .debug_aranges
                0x00001ba0       0x80 .\CortexM3\ARM_GCC_541\Debug\reaction_game_erika.a(CySpc.o)
 .debug_aranges
                0x00001c20       0x30 .\CortexM3\ARM_GCC_541\Debug\reaction_game_erika.a(ErikaOS_1_ee_thendin.o)

.debug_pubnames
 *(.debug_pubnames)

.debug_info     0x00000000    0x1a53e
 *(.debug_info .gnu.linkonce.wi.*)
 .debug_info    0x00000000      0xa32 .\CortexM3\ARM_GCC_541\Debug\main.o
 .debug_info    0x00000a32      0x30e .\CortexM3\ARM_GCC_541\Debug\trcStreamingPort.o
 .debug_info    0x00000d40      0x72c .\CortexM3\ARM_GCC_541\Debug\trcKernelPort.o
 .debug_info    0x0000146c      0x11c .\CortexM3\ARM_GCC_541\Debug\trcSnapshotRecorder.o
 .debug_info    0x00001588     0x213c .\CortexM3\ARM_GCC_541\Debug\trcStreamingRecorder.o
 .debug_info    0x000036c4      0x2f7 .\CortexM3\ARM_GCC_541\Debug\button.o
 .debug_info    0x000039bb      0x2de .\CortexM3\ARM_GCC_541\Debug\joystick.o
 .debug_info    0x00003c99      0x58b .\CortexM3\ARM_GCC_541\Debug\led.o
 .debug_info    0x00004224      0x4a6 .\CortexM3\ARM_GCC_541\Debug\seven.o
 .debug_info    0x000046ca      0x3b5 .\CortexM3\ARM_GCC_541\Debug\logging.o
 .debug_info    0x00004a7f     0x2733 .\CortexM3\ARM_GCC_541\Debug\tft.o
 .debug_info    0x000071b2      0x67f .\CortexM3\ARM_GCC_541\Debug\cyfitter_cfg.o
 .debug_info    0x00007831      0x139 .\CortexM3\ARM_GCC_541\Debug\cymetadata.o
 .debug_info    0x0000796a      0x3cf .\CortexM3\ARM_GCC_541\Debug\Cm3Start.o
 .debug_info    0x00007d39      0x80d .\CortexM3\ARM_GCC_541\Debug\reaction_game_erika.a(ErikaOS_1_ee_activate.o)
 .debug_info    0x00008546      0x671 .\CortexM3\ARM_GCC_541\Debug\reaction_game_erika.a(ErikaOS_1_ee_alsetrel.o)
 .debug_info    0x00008bb7      0xcf5 .\CortexM3\ARM_GCC_541\Debug\reaction_game_erika.a(ErikaOS_1_ee_altick.o)
 .debug_info    0x000098ac      0x637 .\CortexM3\ARM_GCC_541\Debug\reaction_game_erika.a(ErikaOS_1_ee_evclear.o)
 .debug_info    0x00009ee3      0x555 .\CortexM3\ARM_GCC_541\Debug\reaction_game_erika.a(ErikaOS_1_ee_evget.o)
 .debug_info    0x0000a438      0x8b1 .\CortexM3\ARM_GCC_541\Debug\reaction_game_erika.a(ErikaOS_1_ee_evset.o)
 .debug_info    0x0000ace9      0x930 .\CortexM3\ARM_GCC_541\Debug\reaction_game_erika.a(ErikaOS_1_ee_evwait.o)
 .debug_info    0x0000b619      0x4a6 .\CortexM3\ARM_GCC_541\Debug\reaction_game_erika.a(ErikaOS_1_ee_gettaskid.o)
 .debug_info    0x0000babf      0x6a7 .\CortexM3\ARM_GCC_541\Debug\reaction_game_erika.a(ErikaOS_1_ee_irqendin.o)
 .debug_info    0x0000c166      0x3d0 .\CortexM3\ARM_GCC_541\Debug\reaction_game_erika.a(ErikaOS_1_ee_lookup.o)
 .debug_info    0x0000c536      0x46f .\CortexM3\ARM_GCC_541\Debug\reaction_game_erika.a(ErikaOS_1_ee_rq_exchg.o)
 .debug_info    0x0000c9a5      0x421 .\CortexM3\ARM_GCC_541\Debug\reaction_game_erika.a(ErikaOS_1_ee_rq_first.o)
 .debug_info    0x0000cdc6      0x475 .\CortexM3\ARM_GCC_541\Debug\reaction_game_erika.a(ErikaOS_1_ee_rq_inser.o)
 .debug_info    0x0000d23b      0x589 .\CortexM3\ARM_GCC_541\Debug\reaction_game_erika.a(ErikaOS_1_ee_terminat.o)
 .debug_info    0x0000d7c4      0x513 .\CortexM3\ARM_GCC_541\Debug\reaction_game_erika.a(ErikaOS_1_cortex_mx_ee_utils.o)
 .debug_info    0x0000dcd7      0x3cb .\CortexM3\ARM_GCC_541\Debug\reaction_game_erika.a(ErikaOS_1_common_ee_hal_structs.o)
 .debug_info    0x0000e0a2      0x8b6 .\CortexM3\ARM_GCC_541\Debug\reaction_game_erika.a(ErikaOS_1_eecfg.o)
 .debug_info    0x0000e958      0x11f .\CortexM3\ARM_GCC_541\Debug\reaction_game_erika.a(SEVEN_DP.o)
 .debug_info    0x0000ea77      0x11f .\CortexM3\ARM_GCC_541\Debug\reaction_game_erika.a(SEVEN_SELECT.o)
 .debug_info    0x0000eb96       0xd6 .\CortexM3\ARM_GCC_541\Debug\reaction_game_erika.a(SEVEN_reg.o)
 .debug_info    0x0000ec6c      0x11f .\CortexM3\ARM_GCC_541\Debug\reaction_game_erika.a(BUTTON_1.o)
 .debug_info    0x0000ed8b      0x2d2 .\CortexM3\ARM_GCC_541\Debug\reaction_game_erika.a(isr_Button.o)
 .debug_info    0x0000f05d      0x11f .\CortexM3\ARM_GCC_541\Debug\reaction_game_erika.a(BUTTON_2.o)
 .debug_info    0x0000f17c      0x11f .\CortexM3\ARM_GCC_541\Debug\reaction_game_erika.a(BUTTON_3.o)
 .debug_info    0x0000f29b      0x11f .\CortexM3\ARM_GCC_541\Debug\reaction_game_erika.a(BUTTON_4.o)
 .debug_info    0x0000f3ba      0x11f .\CortexM3\ARM_GCC_541\Debug\reaction_game_erika.a(LED_red.o)
 .debug_info    0x0000f4d9      0x11f .\CortexM3\ARM_GCC_541\Debug\reaction_game_erika.a(LED_yellow.o)
 .debug_info    0x0000f5f8      0x11f .\CortexM3\ARM_GCC_541\Debug\reaction_game_erika.a(LED_green.o)
 .debug_info    0x0000f717      0x60c .\CortexM3\ARM_GCC_541\Debug\reaction_game_erika.a(UART_LOG.o)
 .debug_info    0x0000fd23      0x295 .\CortexM3\ARM_GCC_541\Debug\reaction_game_erika.a(RGB_PWM_red.o)
 .debug_info    0x0000ffb8      0x295 .\CortexM3\ARM_GCC_541\Debug\reaction_game_erika.a(RGB_PWM_green.o)
 .debug_info    0x0001024d      0x295 .\CortexM3\ARM_GCC_541\Debug\reaction_game_erika.a(RGB_PWM_blue.o)
 .debug_info    0x000104e2      0x993 .\CortexM3\ARM_GCC_541\Debug\reaction_game_erika.a(USBUART.o)
 .debug_info    0x00010e75      0xaf7 .\CortexM3\ARM_GCC_541\Debug\reaction_game_erika.a(USBUART_cdc.o)
 .debug_info    0x0001196c      0x655 .\CortexM3\ARM_GCC_541\Debug\reaction_game_erika.a(USBUART_drv.o)
 .debug_info    0x00011fc1      0x254 .\CortexM3\ARM_GCC_541\Debug\reaction_game_erika.a(USBUART_episr.o)
 .debug_info    0x00012215      0x2e4 .\CortexM3\ARM_GCC_541\Debug\reaction_game_erika.a(USBUART_pm.o)
 .debug_info    0x000124f9      0xb26 .\CortexM3\ARM_GCC_541\Debug\reaction_game_erika.a(USBUART_std.o)
 .debug_info    0x0001301f       0xed .\CortexM3\ARM_GCC_541\Debug\reaction_game_erika.a(USBUART_vnd.o)
 .debug_info    0x0001310c      0x6f2 .\CortexM3\ARM_GCC_541\Debug\reaction_game_erika.a(JOYSTICK_ADC_XY.o)
 .debug_info    0x000137fe       0xa0 .\CortexM3\ARM_GCC_541\Debug\reaction_game_erika.a(JOYSTICK_ADC_XY_INT.o)
 .debug_info    0x0001389e      0x4bb .\CortexM3\ARM_GCC_541\Debug\reaction_game_erika.a(TFT_SPI.o)
 .debug_info    0x00013d59      0x11f .\CortexM3\ARM_GCC_541\Debug\reaction_game_erika.a(TFT_DC.o)
 .debug_info    0x00013e78      0x11f .\CortexM3\ARM_GCC_541\Debug\reaction_game_erika.a(TFT_RES.o)
 .debug_info    0x00013f97      0x27e .\CortexM3\ARM_GCC_541\Debug\reaction_game_erika.a(TFT_BackLight.o)
 .debug_info    0x00014215      0x283 .\CortexM3\ARM_GCC_541\Debug\reaction_game_erika.a(UART_LOG_IntClock.o)
 .debug_info    0x00014498      0x174 .\CortexM3\ARM_GCC_541\Debug\reaction_game_erika.a(USBUART_Dp.o)
 .debug_info    0x0001460c      0x544 .\CortexM3\ARM_GCC_541\Debug\reaction_game_erika.a(JOYSTICK_ADC_XY_SAR.o)
 .debug_info    0x00014b50      0x1a8 .\CortexM3\ARM_GCC_541\Debug\reaction_game_erika.a(JOYSTICK_ADC_XY_TempBuf_dma.o)
 .debug_info    0x00014cf8      0x1aa .\CortexM3\ARM_GCC_541\Debug\reaction_game_erika.a(JOYSTICK_ADC_XY_FinalBuf_dma.o)
 .debug_info    0x00014ea2      0x2d2 .\CortexM3\ARM_GCC_541\Debug\reaction_game_erika.a(JOYSTICK_ADC_XY_IRQ.o)
 .debug_info    0x00015174      0x283 .\CortexM3\ARM_GCC_541\Debug\reaction_game_erika.a(TFT_SPI_IntClock.o)
 .debug_info    0x000153f7      0x94e .\CortexM3\ARM_GCC_541\Debug\reaction_game_erika.a(CyDmac.o)
 .debug_info    0x00015d45     0x1374 .\CortexM3\ARM_GCC_541\Debug\reaction_game_erika.a(CyLib.o)
 .debug_info    0x000170b9      0xa2a .\CortexM3\ARM_GCC_541\Debug\reaction_game_erika.a(cyPm.o)
 .debug_info    0x00017ae3       0xa0 .\CortexM3\ARM_GCC_541\Debug\reaction_game_erika.a(ErikaOS_1_ee_gnu_change_context_isr.o)
 .debug_info    0x00017b83       0x97 .\CortexM3\ARM_GCC_541\Debug\reaction_game_erika.a(ErikaOS_1_ee_gnu_irq_stack.o)
 .debug_info    0x00017c1a       0x9b .\CortexM3\ARM_GCC_541\Debug\reaction_game_erika.a(ErikaOS_1_ee_gnu_multi_context.o)
 .debug_info    0x00017cb5       0x90 .\CortexM3\ARM_GCC_541\Debug\reaction_game_erika.a(ErikaOS_1_ee_gnu_oo.o)
 .debug_info    0x00017d45       0x89 .\CortexM3\ARM_GCC_541\Debug\reaction_game_erika.a(CyBootAsmGnu.o)
 .debug_info    0x00017dce      0x43d .\CortexM3\ARM_GCC_541\Debug\reaction_game_erika.a(ErikaOS_1_ee_tnterm.o)
 .debug_info    0x0001820b      0x559 .\CortexM3\ARM_GCC_541\Debug\reaction_game_erika.a(ErikaOS_1_ee_tstub.o)
 .debug_info    0x00018764      0x501 .\CortexM3\ARM_GCC_541\Debug\reaction_game_erika.a(ErikaOS_1_cortex_mx_ee_context.o)
 .debug_info    0x00018c65      0x1de .\CortexM3\ARM_GCC_541\Debug\reaction_game_erika.a(USBUART_cls.o)
 .debug_info    0x00018e43      0x2a3 .\CortexM3\ARM_GCC_541\Debug\reaction_game_erika.a(USBUART_descr.o)
 .debug_info    0x000190e6      0x64d .\CortexM3\ARM_GCC_541\Debug\reaction_game_erika.a(CyFlash.o)
 .debug_info    0x00019733      0x550 .\CortexM3\ARM_GCC_541\Debug\reaction_game_erika.a(CySpc.o)
 .debug_info    0x00019c83      0x8bb .\CortexM3\ARM_GCC_541\Debug\reaction_game_erika.a(ErikaOS_1_ee_thendin.o)

.debug_abbrev   0x00000000     0x6b1a
 *(.debug_abbrev)
 .debug_abbrev  0x00000000      0x2b9 .\CortexM3\ARM_GCC_541\Debug\main.o
 .debug_abbrev  0x000002b9       0xff .\CortexM3\ARM_GCC_541\Debug\trcStreamingPort.o
 .debug_abbrev  0x000003b8      0x21f .\CortexM3\ARM_GCC_541\Debug\trcKernelPort.o
 .debug_abbrev  0x000005d7       0x5c .\CortexM3\ARM_GCC_541\Debug\trcSnapshotRecorder.o
 .debug_abbrev  0x00000633      0x388 .\CortexM3\ARM_GCC_541\Debug\trcStreamingRecorder.o
 .debug_abbrev  0x000009bb      0x11c .\CortexM3\ARM_GCC_541\Debug\button.o
 .debug_abbrev  0x00000ad7      0x11e .\CortexM3\ARM_GCC_541\Debug\joystick.o
 .debug_abbrev  0x00000bf5      0x1c5 .\CortexM3\ARM_GCC_541\Debug\led.o
 .debug_abbrev  0x00000dba      0x155 .\CortexM3\ARM_GCC_541\Debug\seven.o
 .debug_abbrev  0x00000f0f      0x14a .\CortexM3\ARM_GCC_541\Debug\logging.o
 .debug_abbrev  0x00001059      0x2bf .\CortexM3\ARM_GCC_541\Debug\tft.o
 .debug_abbrev  0x00001318      0x20d .\CortexM3\ARM_GCC_541\Debug\cyfitter_cfg.o
 .debug_abbrev  0x00001525       0x77 .\CortexM3\ARM_GCC_541\Debug\cymetadata.o
 .debug_abbrev  0x0000159c      0x1e8 .\CortexM3\ARM_GCC_541\Debug\Cm3Start.o
 .debug_abbrev  0x00001784      0x284 .\CortexM3\ARM_GCC_541\Debug\reaction_game_erika.a(ErikaOS_1_ee_activate.o)
 .debug_abbrev  0x00001a08      0x216 .\CortexM3\ARM_GCC_541\Debug\reaction_game_erika.a(ErikaOS_1_ee_alsetrel.o)
 .debug_abbrev  0x00001c1e      0x38c .\CortexM3\ARM_GCC_541\Debug\reaction_game_erika.a(ErikaOS_1_ee_altick.o)
 .debug_abbrev  0x00001faa      0x218 .\CortexM3\ARM_GCC_541\Debug\reaction_game_erika.a(ErikaOS_1_ee_evclear.o)
 .debug_abbrev  0x000021c2      0x188 .\CortexM3\ARM_GCC_541\Debug\reaction_game_erika.a(ErikaOS_1_ee_evget.o)
 .debug_abbrev  0x0000234a      0x2bc .\CortexM3\ARM_GCC_541\Debug\reaction_game_erika.a(ErikaOS_1_ee_evset.o)
 .debug_abbrev  0x00002606      0x2b4 .\CortexM3\ARM_GCC_541\Debug\reaction_game_erika.a(ErikaOS_1_ee_evwait.o)
 .debug_abbrev  0x000028ba      0x161 .\CortexM3\ARM_GCC_541\Debug\reaction_game_erika.a(ErikaOS_1_ee_gettaskid.o)
 .debug_abbrev  0x00002a1b      0x24c .\CortexM3\ARM_GCC_541\Debug\reaction_game_erika.a(ErikaOS_1_ee_irqendin.o)
 .debug_abbrev  0x00002c67       0xcf .\CortexM3\ARM_GCC_541\Debug\reaction_game_erika.a(ErikaOS_1_ee_lookup.o)
 .debug_abbrev  0x00002d36       0xfc .\CortexM3\ARM_GCC_541\Debug\reaction_game_erika.a(ErikaOS_1_ee_rq_exchg.o)
 .debug_abbrev  0x00002e32       0xed .\CortexM3\ARM_GCC_541\Debug\reaction_game_erika.a(ErikaOS_1_ee_rq_first.o)
 .debug_abbrev  0x00002f1f      0x109 .\CortexM3\ARM_GCC_541\Debug\reaction_game_erika.a(ErikaOS_1_ee_rq_inser.o)
 .debug_abbrev  0x00003028      0x1de .\CortexM3\ARM_GCC_541\Debug\reaction_game_erika.a(ErikaOS_1_ee_terminat.o)
 .debug_abbrev  0x00003206      0x1e3 .\CortexM3\ARM_GCC_541\Debug\reaction_game_erika.a(ErikaOS_1_cortex_mx_ee_utils.o)
 .debug_abbrev  0x000033e9       0xcf .\CortexM3\ARM_GCC_541\Debug\reaction_game_erika.a(ErikaOS_1_common_ee_hal_structs.o)
 .debug_abbrev  0x000034b8      0x127 .\CortexM3\ARM_GCC_541\Debug\reaction_game_erika.a(ErikaOS_1_eecfg.o)
 .debug_abbrev  0x000035df       0x90 .\CortexM3\ARM_GCC_541\Debug\reaction_game_erika.a(SEVEN_DP.o)
 .debug_abbrev  0x0000366f       0x90 .\CortexM3\ARM_GCC_541\Debug\reaction_game_erika.a(SEVEN_SELECT.o)
 .debug_abbrev  0x000036ff       0x81 .\CortexM3\ARM_GCC_541\Debug\reaction_game_erika.a(SEVEN_reg.o)
 .debug_abbrev  0x00003780       0x90 .\CortexM3\ARM_GCC_541\Debug\reaction_game_erika.a(BUTTON_1.o)
 .debug_abbrev  0x00003810      0x173 .\CortexM3\ARM_GCC_541\Debug\reaction_game_erika.a(isr_Button.o)
 .debug_abbrev  0x00003983       0x90 .\CortexM3\ARM_GCC_541\Debug\reaction_game_erika.a(BUTTON_2.o)
 .debug_abbrev  0x00003a13       0x90 .\CortexM3\ARM_GCC_541\Debug\reaction_game_erika.a(BUTTON_3.o)
 .debug_abbrev  0x00003aa3       0x90 .\CortexM3\ARM_GCC_541\Debug\reaction_game_erika.a(BUTTON_4.o)
 .debug_abbrev  0x00003b33       0x90 .\CortexM3\ARM_GCC_541\Debug\reaction_game_erika.a(LED_red.o)
 .debug_abbrev  0x00003bc3       0x90 .\CortexM3\ARM_GCC_541\Debug\reaction_game_erika.a(LED_yellow.o)
 .debug_abbrev  0x00003c53       0x90 .\CortexM3\ARM_GCC_541\Debug\reaction_game_erika.a(LED_green.o)
 .debug_abbrev  0x00003ce3      0x175 .\CortexM3\ARM_GCC_541\Debug\reaction_game_erika.a(UART_LOG.o)
 .debug_abbrev  0x00003e58      0x12d .\CortexM3\ARM_GCC_541\Debug\reaction_game_erika.a(RGB_PWM_red.o)
 .debug_abbrev  0x00003f85      0x12d .\CortexM3\ARM_GCC_541\Debug\reaction_game_erika.a(RGB_PWM_green.o)
 .debug_abbrev  0x000040b2      0x12d .\CortexM3\ARM_GCC_541\Debug\reaction_game_erika.a(RGB_PWM_blue.o)
 .debug_abbrev  0x000041df      0x215 .\CortexM3\ARM_GCC_541\Debug\reaction_game_erika.a(USBUART.o)
 .debug_abbrev  0x000043f4      0x245 .\CortexM3\ARM_GCC_541\Debug\reaction_game_erika.a(USBUART_cdc.o)
 .debug_abbrev  0x00004639      0x189 .\CortexM3\ARM_GCC_541\Debug\reaction_game_erika.a(USBUART_drv.o)
 .debug_abbrev  0x000047c2      0x11b .\CortexM3\ARM_GCC_541\Debug\reaction_game_erika.a(USBUART_episr.o)
 .debug_abbrev  0x000048dd      0x108 .\CortexM3\ARM_GCC_541\Debug\reaction_game_erika.a(USBUART_pm.o)
 .debug_abbrev  0x000049e5      0x20a .\CortexM3\ARM_GCC_541\Debug\reaction_game_erika.a(USBUART_std.o)
 .debug_abbrev  0x00004bef       0x9b .\CortexM3\ARM_GCC_541\Debug\reaction_game_erika.a(USBUART_vnd.o)
 .debug_abbrev  0x00004c8a      0x13e .\CortexM3\ARM_GCC_541\Debug\reaction_game_erika.a(JOYSTICK_ADC_XY.o)
 .debug_abbrev  0x00004dc8       0x42 .\CortexM3\ARM_GCC_541\Debug\reaction_game_erika.a(JOYSTICK_ADC_XY_INT.o)
 .debug_abbrev  0x00004e0a      0x146 .\CortexM3\ARM_GCC_541\Debug\reaction_game_erika.a(TFT_SPI.o)
 .debug_abbrev  0x00004f50       0x90 .\CortexM3\ARM_GCC_541\Debug\reaction_game_erika.a(TFT_DC.o)
 .debug_abbrev  0x00004fe0       0x90 .\CortexM3\ARM_GCC_541\Debug\reaction_game_erika.a(TFT_RES.o)
 .debug_abbrev  0x00005070      0x12d .\CortexM3\ARM_GCC_541\Debug\reaction_game_erika.a(TFT_BackLight.o)
 .debug_abbrev  0x0000519d      0x139 .\CortexM3\ARM_GCC_541\Debug\reaction_game_erika.a(UART_LOG_IntClock.o)
 .debug_abbrev  0x000052d6       0x90 .\CortexM3\ARM_GCC_541\Debug\reaction_game_erika.a(USBUART_Dp.o)
 .debug_abbrev  0x00005366      0x1ac .\CortexM3\ARM_GCC_541\Debug\reaction_game_erika.a(JOYSTICK_ADC_XY_SAR.o)
 .debug_abbrev  0x00005512       0xcd .\CortexM3\ARM_GCC_541\Debug\reaction_game_erika.a(JOYSTICK_ADC_XY_TempBuf_dma.o)
 .debug_abbrev  0x000055df       0xcd .\CortexM3\ARM_GCC_541\Debug\reaction_game_erika.a(JOYSTICK_ADC_XY_FinalBuf_dma.o)
 .debug_abbrev  0x000056ac      0x173 .\CortexM3\ARM_GCC_541\Debug\reaction_game_erika.a(JOYSTICK_ADC_XY_IRQ.o)
 .debug_abbrev  0x0000581f      0x139 .\CortexM3\ARM_GCC_541\Debug\reaction_game_erika.a(TFT_SPI_IntClock.o)
 .debug_abbrev  0x00005958      0x1b2 .\CortexM3\ARM_GCC_541\Debug\reaction_game_erika.a(CyDmac.o)
 .debug_abbrev  0x00005b0a      0x254 .\CortexM3\ARM_GCC_541\Debug\reaction_game_erika.a(CyLib.o)
 .debug_abbrev  0x00005d5e      0x1ab .\CortexM3\ARM_GCC_541\Debug\reaction_game_erika.a(cyPm.o)
 .debug_abbrev  0x00005f09       0x14 .\CortexM3\ARM_GCC_541\Debug\reaction_game_erika.a(ErikaOS_1_ee_gnu_change_context_isr.o)
 .debug_abbrev  0x00005f1d       0x14 .\CortexM3\ARM_GCC_541\Debug\reaction_game_erika.a(ErikaOS_1_ee_gnu_irq_stack.o)
 .debug_abbrev  0x00005f31       0x14 .\CortexM3\ARM_GCC_541\Debug\reaction_game_erika.a(ErikaOS_1_ee_gnu_multi_context.o)
 .debug_abbrev  0x00005f45       0x14 .\CortexM3\ARM_GCC_541\Debug\reaction_game_erika.a(ErikaOS_1_ee_gnu_oo.o)
 .debug_abbrev  0x00005f59       0x14 .\CortexM3\ARM_GCC_541\Debug\reaction_game_erika.a(CyBootAsmGnu.o)
 .debug_abbrev  0x00005f6d      0x157 .\CortexM3\ARM_GCC_541\Debug\reaction_game_erika.a(ErikaOS_1_ee_tnterm.o)
 .debug_abbrev  0x000060c4      0x1ae .\CortexM3\ARM_GCC_541\Debug\reaction_game_erika.a(ErikaOS_1_ee_tstub.o)
 .debug_abbrev  0x00006272      0x156 .\CortexM3\ARM_GCC_541\Debug\reaction_game_erika.a(ErikaOS_1_cortex_mx_ee_context.o)
 .debug_abbrev  0x000063c8       0xe1 .\CortexM3\ARM_GCC_541\Debug\reaction_game_erika.a(USBUART_cls.o)
 .debug_abbrev  0x000064a9       0xb4 .\CortexM3\ARM_GCC_541\Debug\reaction_game_erika.a(USBUART_descr.o)
 .debug_abbrev  0x0000655d      0x1a7 .\CortexM3\ARM_GCC_541\Debug\reaction_game_erika.a(CyFlash.o)
 .debug_abbrev  0x00006704      0x194 .\CortexM3\ARM_GCC_541\Debug\reaction_game_erika.a(CySpc.o)
 .debug_abbrev  0x00006898      0x282 .\CortexM3\ARM_GCC_541\Debug\reaction_game_erika.a(ErikaOS_1_ee_thendin.o)

.debug_line     0x00000000     0xa2d8
 *(.debug_line)
 .debug_line    0x00000000      0x5b9 .\CortexM3\ARM_GCC_541\Debug\main.o
 .debug_line    0x000005b9      0x290 .\CortexM3\ARM_GCC_541\Debug\trcStreamingPort.o
 .debug_line    0x00000849      0x3fd .\CortexM3\ARM_GCC_541\Debug\trcKernelPort.o
 .debug_line    0x00000c46      0x1ed .\CortexM3\ARM_GCC_541\Debug\trcSnapshotRecorder.o
 .debug_line    0x00000e33      0xae7 .\CortexM3\ARM_GCC_541\Debug\trcStreamingRecorder.o
 .debug_line    0x0000191a      0x2bc .\CortexM3\ARM_GCC_541\Debug\button.o
 .debug_line    0x00001bd6      0x265 .\CortexM3\ARM_GCC_541\Debug\joystick.o
 .debug_line    0x00001e3b      0x372 .\CortexM3\ARM_GCC_541\Debug\led.o
 .debug_line    0x000021ad      0x2e4 .\CortexM3\ARM_GCC_541\Debug\seven.o
 .debug_line    0x00002491      0x26b .\CortexM3\ARM_GCC_541\Debug\logging.o
 .debug_line    0x000026fc      0x8c7 .\CortexM3\ARM_GCC_541\Debug\tft.o
 .debug_line    0x00002fc3      0x209 .\CortexM3\ARM_GCC_541\Debug\cyfitter_cfg.o
 .debug_line    0x000031cc      0x141 .\CortexM3\ARM_GCC_541\Debug\cymetadata.o
 .debug_line    0x0000330d      0x241 .\CortexM3\ARM_GCC_541\Debug\Cm3Start.o
 .debug_line    0x0000354e      0x1fa .\CortexM3\ARM_GCC_541\Debug\reaction_game_erika.a(ErikaOS_1_ee_activate.o)
 .debug_line    0x00003748      0x2df .\CortexM3\ARM_GCC_541\Debug\reaction_game_erika.a(ErikaOS_1_ee_alsetrel.o)
 .debug_line    0x00003a27      0x413 .\CortexM3\ARM_GCC_541\Debug\reaction_game_erika.a(ErikaOS_1_ee_altick.o)
 .debug_line    0x00003e3a      0x2d2 .\CortexM3\ARM_GCC_541\Debug\reaction_game_erika.a(ErikaOS_1_ee_evclear.o)
 .debug_line    0x0000410c      0x267 .\CortexM3\ARM_GCC_541\Debug\reaction_game_erika.a(ErikaOS_1_ee_evget.o)
 .debug_line    0x00004373      0x30b .\CortexM3\ARM_GCC_541\Debug\reaction_game_erika.a(ErikaOS_1_ee_evset.o)
 .debug_line    0x0000467e      0x318 .\CortexM3\ARM_GCC_541\Debug\reaction_game_erika.a(ErikaOS_1_ee_evwait.o)
 .debug_line    0x00004996      0x161 .\CortexM3\ARM_GCC_541\Debug\reaction_game_erika.a(ErikaOS_1_ee_gettaskid.o)
 .debug_line    0x00004af7      0x2c3 .\CortexM3\ARM_GCC_541\Debug\reaction_game_erika.a(ErikaOS_1_ee_irqendin.o)
 .debug_line    0x00004dba      0x119 .\CortexM3\ARM_GCC_541\Debug\reaction_game_erika.a(ErikaOS_1_ee_lookup.o)
 .debug_line    0x00004ed3      0x15b .\CortexM3\ARM_GCC_541\Debug\reaction_game_erika.a(ErikaOS_1_ee_rq_exchg.o)
 .debug_line    0x0000502e      0x152 .\CortexM3\ARM_GCC_541\Debug\reaction_game_erika.a(ErikaOS_1_ee_rq_first.o)
 .debug_line    0x00005180      0x156 .\CortexM3\ARM_GCC_541\Debug\reaction_game_erika.a(ErikaOS_1_ee_rq_inser.o)
 .debug_line    0x000052d6      0x1c0 .\CortexM3\ARM_GCC_541\Debug\reaction_game_erika.a(ErikaOS_1_ee_terminat.o)
 .debug_line    0x00005496      0x184 .\CortexM3\ARM_GCC_541\Debug\reaction_game_erika.a(ErikaOS_1_cortex_mx_ee_utils.o)
 .debug_line    0x0000561a       0xf9 .\CortexM3\ARM_GCC_541\Debug\reaction_game_erika.a(ErikaOS_1_common_ee_hal_structs.o)
 .debug_line    0x00005713      0x13c .\CortexM3\ARM_GCC_541\Debug\reaction_game_erika.a(ErikaOS_1_eecfg.o)
 .debug_line    0x0000584f       0x95 .\CortexM3\ARM_GCC_541\Debug\reaction_game_erika.a(SEVEN_DP.o)
 .debug_line    0x000058e4       0x99 .\CortexM3\ARM_GCC_541\Debug\reaction_game_erika.a(SEVEN_SELECT.o)
 .debug_line    0x0000597d       0x71 .\CortexM3\ARM_GCC_541\Debug\reaction_game_erika.a(SEVEN_reg.o)
 .debug_line    0x000059ee       0x95 .\CortexM3\ARM_GCC_541\Debug\reaction_game_erika.a(BUTTON_1.o)
 .debug_line    0x00005a83      0x137 .\CortexM3\ARM_GCC_541\Debug\reaction_game_erika.a(isr_Button.o)
 .debug_line    0x00005bba       0x95 .\CortexM3\ARM_GCC_541\Debug\reaction_game_erika.a(BUTTON_2.o)
 .debug_line    0x00005c4f       0x95 .\CortexM3\ARM_GCC_541\Debug\reaction_game_erika.a(BUTTON_3.o)
 .debug_line    0x00005ce4       0x95 .\CortexM3\ARM_GCC_541\Debug\reaction_game_erika.a(BUTTON_4.o)
 .debug_line    0x00005d79       0x94 .\CortexM3\ARM_GCC_541\Debug\reaction_game_erika.a(LED_red.o)
 .debug_line    0x00005e0d       0x97 .\CortexM3\ARM_GCC_541\Debug\reaction_game_erika.a(LED_yellow.o)
 .debug_line    0x00005ea4       0x96 .\CortexM3\ARM_GCC_541\Debug\reaction_game_erika.a(LED_green.o)
 .debug_line    0x00005f3a      0x2c4 .\CortexM3\ARM_GCC_541\Debug\reaction_game_erika.a(UART_LOG.o)
 .debug_line    0x000061fe      0x143 .\CortexM3\ARM_GCC_541\Debug\reaction_game_erika.a(RGB_PWM_red.o)
 .debug_line    0x00006341      0x145 .\CortexM3\ARM_GCC_541\Debug\reaction_game_erika.a(RGB_PWM_green.o)
 .debug_line    0x00006486      0x144 .\CortexM3\ARM_GCC_541\Debug\reaction_game_erika.a(RGB_PWM_blue.o)
 .debug_line    0x000065ca      0x2dc .\CortexM3\ARM_GCC_541\Debug\reaction_game_erika.a(USBUART.o)
 .debug_line    0x000068a6      0x2f2 .\CortexM3\ARM_GCC_541\Debug\reaction_game_erika.a(USBUART_cdc.o)
 .debug_line    0x00006b98      0x221 .\CortexM3\ARM_GCC_541\Debug\reaction_game_erika.a(USBUART_drv.o)
 .debug_line    0x00006db9       0xe6 .\CortexM3\ARM_GCC_541\Debug\reaction_game_erika.a(USBUART_episr.o)
 .debug_line    0x00006e9f      0x10e .\CortexM3\ARM_GCC_541\Debug\reaction_game_erika.a(USBUART_pm.o)
 .debug_line    0x00006fad      0x3e2 .\CortexM3\ARM_GCC_541\Debug\reaction_game_erika.a(USBUART_std.o)
 .debug_line    0x0000738f       0x73 .\CortexM3\ARM_GCC_541\Debug\reaction_game_erika.a(USBUART_vnd.o)
 .debug_line    0x00007402      0x23e .\CortexM3\ARM_GCC_541\Debug\reaction_game_erika.a(JOYSTICK_ADC_XY.o)
 .debug_line    0x00007640       0x5c .\CortexM3\ARM_GCC_541\Debug\reaction_game_erika.a(JOYSTICK_ADC_XY_INT.o)
 .debug_line    0x0000769c      0x249 .\CortexM3\ARM_GCC_541\Debug\reaction_game_erika.a(TFT_SPI.o)
 .debug_line    0x000078e5       0x93 .\CortexM3\ARM_GCC_541\Debug\reaction_game_erika.a(TFT_DC.o)
 .debug_line    0x00007978       0x94 .\CortexM3\ARM_GCC_541\Debug\reaction_game_erika.a(TFT_RES.o)
 .debug_line    0x00007a0c      0x13b .\CortexM3\ARM_GCC_541\Debug\reaction_game_erika.a(TFT_BackLight.o)
 .debug_line    0x00007b47      0x180 .\CortexM3\ARM_GCC_541\Debug\reaction_game_erika.a(UART_LOG_IntClock.o)
 .debug_line    0x00007cc7       0xbb .\CortexM3\ARM_GCC_541\Debug\reaction_game_erika.a(USBUART_Dp.o)
 .debug_line    0x00007d82      0x20f .\CortexM3\ARM_GCC_541\Debug\reaction_game_erika.a(JOYSTICK_ADC_XY_SAR.o)
 .debug_line    0x00007f91       0x94 .\CortexM3\ARM_GCC_541\Debug\reaction_game_erika.a(JOYSTICK_ADC_XY_TempBuf_dma.o)
 .debug_line    0x00008025       0x95 .\CortexM3\ARM_GCC_541\Debug\reaction_game_erika.a(JOYSTICK_ADC_XY_FinalBuf_dma.o)
 .debug_line    0x000080ba      0x140 .\CortexM3\ARM_GCC_541\Debug\reaction_game_erika.a(JOYSTICK_ADC_XY_IRQ.o)
 .debug_line    0x000081fa      0x17f .\CortexM3\ARM_GCC_541\Debug\reaction_game_erika.a(TFT_SPI_IntClock.o)
 .debug_line    0x00008379      0x2e4 .\CortexM3\ARM_GCC_541\Debug\reaction_game_erika.a(CyDmac.o)
 .debug_line    0x0000865d      0x816 .\CortexM3\ARM_GCC_541\Debug\reaction_game_erika.a(CyLib.o)
 .debug_line    0x00008e73      0x367 .\CortexM3\ARM_GCC_541\Debug\reaction_game_erika.a(cyPm.o)
 .debug_line    0x000091da       0xae .\CortexM3\ARM_GCC_541\Debug\reaction_game_erika.a(ErikaOS_1_ee_gnu_change_context_isr.o)
 .debug_line    0x00009288       0x74 .\CortexM3\ARM_GCC_541\Debug\reaction_game_erika.a(ErikaOS_1_ee_gnu_irq_stack.o)
 .debug_line    0x000092fc       0x9d .\CortexM3\ARM_GCC_541\Debug\reaction_game_erika.a(ErikaOS_1_ee_gnu_multi_context.o)
 .debug_line    0x00009399       0x99 .\CortexM3\ARM_GCC_541\Debug\reaction_game_erika.a(ErikaOS_1_ee_gnu_oo.o)
 .debug_line    0x00009432       0x66 .\CortexM3\ARM_GCC_541\Debug\reaction_game_erika.a(CyBootAsmGnu.o)
 .debug_line    0x00009498      0x17b .\CortexM3\ARM_GCC_541\Debug\reaction_game_erika.a(ErikaOS_1_ee_tnterm.o)
 .debug_line    0x00009613      0x293 .\CortexM3\ARM_GCC_541\Debug\reaction_game_erika.a(ErikaOS_1_ee_tstub.o)
 .debug_line    0x000098a6      0x1ac .\CortexM3\ARM_GCC_541\Debug\reaction_game_erika.a(ErikaOS_1_cortex_mx_ee_context.o)
 .debug_line    0x00009a52       0x95 .\CortexM3\ARM_GCC_541\Debug\reaction_game_erika.a(USBUART_cls.o)
 .debug_line    0x00009ae7       0x61 .\CortexM3\ARM_GCC_541\Debug\reaction_game_erika.a(USBUART_descr.o)
 .debug_line    0x00009b48      0x21a .\CortexM3\ARM_GCC_541\Debug\reaction_game_erika.a(CyFlash.o)
 .debug_line    0x00009d62      0x260 .\CortexM3\ARM_GCC_541\Debug\reaction_game_erika.a(CySpc.o)
 .debug_line    0x00009fc2      0x316 .\CortexM3\ARM_GCC_541\Debug\reaction_game_erika.a(ErikaOS_1_ee_thendin.o)

.debug_frame    0x00000000     0x43a0
 *(.debug_frame)
 .debug_frame   0x00000000      0x158 .\CortexM3\ARM_GCC_541\Debug\main.o
 .debug_frame   0x00000158       0x6c .\CortexM3\ARM_GCC_541\Debug\trcStreamingPort.o
 .debug_frame   0x000001c4      0x128 .\CortexM3\ARM_GCC_541\Debug\trcKernelPort.o
 .debug_frame   0x000002ec      0x614 .\CortexM3\ARM_GCC_541\Debug\trcStreamingRecorder.o
 .debug_frame   0x00000900       0x4c .\CortexM3\ARM_GCC_541\Debug\button.o
 .debug_frame   0x0000094c       0x4c .\CortexM3\ARM_GCC_541\Debug\joystick.o
 .debug_frame   0x00000998       0x8c .\CortexM3\ARM_GCC_541\Debug\led.o
 .debug_frame   0x00000a24       0xcc .\CortexM3\ARM_GCC_541\Debug\seven.o
 .debug_frame   0x00000af0       0x48 .\CortexM3\ARM_GCC_541\Debug\logging.o
 .debug_frame   0x00000b38      0x5bc .\CortexM3\ARM_GCC_541\Debug\tft.o
 .debug_frame   0x000010f4       0xfc .\CortexM3\ARM_GCC_541\Debug\cyfitter_cfg.o
 .debug_frame   0x000011f0       0xb8 .\CortexM3\ARM_GCC_541\Debug\Cm3Start.o
 .debug_frame   0x000012a8       0x30 .\CortexM3\ARM_GCC_541\Debug\reaction_game_erika.a(ErikaOS_1_ee_activate.o)
 .debug_frame   0x000012d8       0x38 .\CortexM3\ARM_GCC_541\Debug\reaction_game_erika.a(ErikaOS_1_ee_alsetrel.o)
 .debug_frame   0x00001310      0x10c .\CortexM3\ARM_GCC_541\Debug\reaction_game_erika.a(ErikaOS_1_ee_altick.o)
 .debug_frame   0x0000141c       0x30 .\CortexM3\ARM_GCC_541\Debug\reaction_game_erika.a(ErikaOS_1_ee_evclear.o)
 .debug_frame   0x0000144c       0x2c .\CortexM3\ARM_GCC_541\Debug\reaction_game_erika.a(ErikaOS_1_ee_evget.o)
 .debug_frame   0x00001478       0x30 .\CortexM3\ARM_GCC_541\Debug\reaction_game_erika.a(ErikaOS_1_ee_evset.o)
 .debug_frame   0x000014a8       0x38 .\CortexM3\ARM_GCC_541\Debug\reaction_game_erika.a(ErikaOS_1_ee_evwait.o)
 .debug_frame   0x000014e0       0x20 .\CortexM3\ARM_GCC_541\Debug\reaction_game_erika.a(ErikaOS_1_ee_gettaskid.o)
 .debug_frame   0x00001500       0x5c .\CortexM3\ARM_GCC_541\Debug\reaction_game_erika.a(ErikaOS_1_ee_irqendin.o)
 .debug_frame   0x0000155c       0x3c .\CortexM3\ARM_GCC_541\Debug\reaction_game_erika.a(ErikaOS_1_ee_rq_exchg.o)
 .debug_frame   0x00001598       0x20 .\CortexM3\ARM_GCC_541\Debug\reaction_game_erika.a(ErikaOS_1_ee_rq_first.o)
 .debug_frame   0x000015b8       0x30 .\CortexM3\ARM_GCC_541\Debug\reaction_game_erika.a(ErikaOS_1_ee_rq_inser.o)
 .debug_frame   0x000015e8       0x2c .\CortexM3\ARM_GCC_541\Debug\reaction_game_erika.a(ErikaOS_1_ee_terminat.o)
 .debug_frame   0x00001614       0x30 .\CortexM3\ARM_GCC_541\Debug\reaction_game_erika.a(ErikaOS_1_cortex_mx_ee_utils.o)
 .debug_frame   0x00001644       0x50 .\CortexM3\ARM_GCC_541\Debug\reaction_game_erika.a(SEVEN_DP.o)
 .debug_frame   0x00001694       0x50 .\CortexM3\ARM_GCC_541\Debug\reaction_game_erika.a(SEVEN_SELECT.o)
 .debug_frame   0x000016e4       0x30 .\CortexM3\ARM_GCC_541\Debug\reaction_game_erika.a(SEVEN_reg.o)
 .debug_frame   0x00001714       0x50 .\CortexM3\ARM_GCC_541\Debug\reaction_game_erika.a(BUTTON_1.o)
 .debug_frame   0x00001764      0x104 .\CortexM3\ARM_GCC_541\Debug\reaction_game_erika.a(isr_Button.o)
 .debug_frame   0x00001868       0x50 .\CortexM3\ARM_GCC_541\Debug\reaction_game_erika.a(BUTTON_2.o)
 .debug_frame   0x000018b8       0x50 .\CortexM3\ARM_GCC_541\Debug\reaction_game_erika.a(BUTTON_3.o)
 .debug_frame   0x00001908       0x50 .\CortexM3\ARM_GCC_541\Debug\reaction_game_erika.a(BUTTON_4.o)
 .debug_frame   0x00001958       0x50 .\CortexM3\ARM_GCC_541\Debug\reaction_game_erika.a(LED_red.o)
 .debug_frame   0x000019a8       0x50 .\CortexM3\ARM_GCC_541\Debug\reaction_game_erika.a(LED_yellow.o)
 .debug_frame   0x000019f8       0x50 .\CortexM3\ARM_GCC_541\Debug\reaction_game_erika.a(LED_green.o)
 .debug_frame   0x00001a48      0x250 .\CortexM3\ARM_GCC_541\Debug\reaction_game_erika.a(UART_LOG.o)
 .debug_frame   0x00001c98       0xf8 .\CortexM3\ARM_GCC_541\Debug\reaction_game_erika.a(RGB_PWM_red.o)
 .debug_frame   0x00001d90       0xf8 .\CortexM3\ARM_GCC_541\Debug\reaction_game_erika.a(RGB_PWM_green.o)
 .debug_frame   0x00001e88       0xf8 .\CortexM3\ARM_GCC_541\Debug\reaction_game_erika.a(RGB_PWM_blue.o)
 .debug_frame   0x00001f80      0x1dc .\CortexM3\ARM_GCC_541\Debug\reaction_game_erika.a(USBUART.o)
 .debug_frame   0x0000215c      0x27c .\CortexM3\ARM_GCC_541\Debug\reaction_game_erika.a(USBUART_cdc.o)
 .debug_frame   0x000023d8      0x194 .\CortexM3\ARM_GCC_541\Debug\reaction_game_erika.a(USBUART_drv.o)
 .debug_frame   0x0000256c       0x6c .\CortexM3\ARM_GCC_541\Debug\reaction_game_erika.a(USBUART_episr.o)
 .debug_frame   0x000025d8       0xa0 .\CortexM3\ARM_GCC_541\Debug\reaction_game_erika.a(USBUART_pm.o)
 .debug_frame   0x00002678      0x17c .\CortexM3\ARM_GCC_541\Debug\reaction_game_erika.a(USBUART_std.o)
 .debug_frame   0x000027f4       0x20 .\CortexM3\ARM_GCC_541\Debug\reaction_game_erika.a(USBUART_vnd.o)
 .debug_frame   0x00002814      0x1dc .\CortexM3\ARM_GCC_541\Debug\reaction_game_erika.a(JOYSTICK_ADC_XY.o)
 .debug_frame   0x000029f0       0x20 .\CortexM3\ARM_GCC_541\Debug\reaction_game_erika.a(JOYSTICK_ADC_XY_INT.o)
 .debug_frame   0x00002a10      0x1e8 .\CortexM3\ARM_GCC_541\Debug\reaction_game_erika.a(TFT_SPI.o)
 .debug_frame   0x00002bf8       0x50 .\CortexM3\ARM_GCC_541\Debug\reaction_game_erika.a(TFT_DC.o)
 .debug_frame   0x00002c48       0x50 .\CortexM3\ARM_GCC_541\Debug\reaction_game_erika.a(TFT_RES.o)
 .debug_frame   0x00002c98       0xe8 .\CortexM3\ARM_GCC_541\Debug\reaction_game_erika.a(TFT_BackLight.o)
 .debug_frame   0x00002d80       0xe0 .\CortexM3\ARM_GCC_541\Debug\reaction_game_erika.a(UART_LOG_IntClock.o)
 .debug_frame   0x00002e60       0x70 .\CortexM3\ARM_GCC_541\Debug\reaction_game_erika.a(USBUART_Dp.o)
 .debug_frame   0x00002ed0      0x1b0 .\CortexM3\ARM_GCC_541\Debug\reaction_game_erika.a(JOYSTICK_ADC_XY_SAR.o)
 .debug_frame   0x00003080       0x54 .\CortexM3\ARM_GCC_541\Debug\reaction_game_erika.a(JOYSTICK_ADC_XY_TempBuf_dma.o)
 .debug_frame   0x000030d4       0x54 .\CortexM3\ARM_GCC_541\Debug\reaction_game_erika.a(JOYSTICK_ADC_XY_FinalBuf_dma.o)
 .debug_frame   0x00003128      0x104 .\CortexM3\ARM_GCC_541\Debug\reaction_game_erika.a(JOYSTICK_ADC_XY_IRQ.o)
 .debug_frame   0x0000322c       0xe0 .\CortexM3\ARM_GCC_541\Debug\reaction_game_erika.a(TFT_SPI_IntClock.o)
 .debug_frame   0x0000330c      0x1f8 .\CortexM3\ARM_GCC_541\Debug\reaction_game_erika.a(CyDmac.o)
 .debug_frame   0x00003504      0x738 .\CortexM3\ARM_GCC_541\Debug\reaction_game_erika.a(CyLib.o)
 .debug_frame   0x00003c3c      0x1f8 .\CortexM3\ARM_GCC_541\Debug\reaction_game_erika.a(cyPm.o)
 .debug_frame   0x00003e34       0x2c .\CortexM3\ARM_GCC_541\Debug\reaction_game_erika.a(ErikaOS_1_ee_tnterm.o)
 .debug_frame   0x00003e60       0x2c .\CortexM3\ARM_GCC_541\Debug\reaction_game_erika.a(ErikaOS_1_ee_tstub.o)
 .debug_frame   0x00003e8c       0x3c .\CortexM3\ARM_GCC_541\Debug\reaction_game_erika.a(ErikaOS_1_cortex_mx_ee_context.o)
 .debug_frame   0x00003ec8       0x2c .\CortexM3\ARM_GCC_541\Debug\reaction_game_erika.a(USBUART_cls.o)
 .debug_frame   0x00003ef4      0x194 .\CortexM3\ARM_GCC_541\Debug\reaction_game_erika.a(CyFlash.o)
 .debug_frame   0x00004088      0x180 .\CortexM3\ARM_GCC_541\Debug\reaction_game_erika.a(CySpc.o)
 .debug_frame   0x00004208       0x60 .\CortexM3\ARM_GCC_541\Debug\reaction_game_erika.a(ErikaOS_1_ee_thendin.o)
 .debug_frame   0x00004268       0x44 c:/program files (x86)/cypress/psoc creator/4.4/psoc creator/import/gnu/arm/5.4.1/bin/../lib/gcc/arm-none-eabi/5.4.1/armv7-m\libgcc.a(_aeabi_ldivmod.o)
 .debug_frame   0x000042ac       0x38 c:/program files (x86)/cypress/psoc creator/4.4/psoc creator/import/gnu/arm/5.4.1/bin/../lib/gcc/arm-none-eabi/5.4.1/armv7-m\libgcc.a(_udivmoddi4.o)
 .debug_frame   0x000042e4       0x20 c:/program files (x86)/cypress/psoc creator/4.4/psoc creator/import/gnu/arm/5.4.1/bin/../lib/gcc/arm-none-eabi/5.4.1/../../../../arm-none-eabi/lib/armv7-m\libg_nano.a(lib_a-errno.o)
 .debug_frame   0x00004304       0x28 c:/program files (x86)/cypress/psoc creator/4.4/psoc creator/import/gnu/arm/5.4.1/bin/../lib/gcc/arm-none-eabi/5.4.1/../../../../arm-none-eabi/lib/armv7-m\libg_nano.a(lib_a-exit.o)
 .debug_frame   0x0000432c       0x2c c:/program files (x86)/cypress/psoc creator/4.4/psoc creator/import/gnu/arm/5.4.1/bin/../lib/gcc/arm-none-eabi/5.4.1/../../../../arm-none-eabi/lib/armv7-m\libg_nano.a(lib_a-init.o)
 .debug_frame   0x00004358       0x28 c:/program files (x86)/cypress/psoc creator/4.4/psoc creator/import/gnu/arm/5.4.1/bin/../lib/gcc/arm-none-eabi/5.4.1/../../../../arm-none-eabi/lib/armv7-m\libg_nano.a(lib_a-memcpy-stub.o)
 .debug_frame   0x00004380       0x20 c:/program files (x86)/cypress/psoc creator/4.4/psoc creator/import/gnu/arm/5.4.1/bin/../lib/gcc/arm-none-eabi/5.4.1/../../../../arm-none-eabi/lib/armv7-m\libg_nano.a(lib_a-memset.o)

.debug_str      0x00000000     0x71e2
 *(.debug_str)
 .debug_str     0x00000000      0x624 .\CortexM3\ARM_GCC_541\Debug\main.o
                                0x6c1 (size before relaxing)
 .debug_str     0x00000624      0x11d .\CortexM3\ARM_GCC_541\Debug\trcStreamingPort.o
                                0x36c (size before relaxing)
 .debug_str     0x00000741      0x33c .\CortexM3\ARM_GCC_541\Debug\trcKernelPort.o
                                0x5e0 (size before relaxing)
 .debug_str     0x00000a7d       0x2f .\CortexM3\ARM_GCC_541\Debug\trcSnapshotRecorder.o
                                0x25e (size before relaxing)
 .debug_str     0x00000aac      0x831 .\CortexM3\ARM_GCC_541\Debug\trcStreamingRecorder.o
                                0xcef (size before relaxing)
 .debug_str     0x000012dd      0x2a9 .\CortexM3\ARM_GCC_541\Debug\button.o
                                0x4e7 (size before relaxing)
 .debug_str     0x00001586       0xc4 .\CortexM3\ARM_GCC_541\Debug\joystick.o
                                0x4d5 (size before relaxing)
 .debug_str     0x0000164a      0x156 .\CortexM3\ARM_GCC_541\Debug\led.o
                                0x5c4 (size before relaxing)
 .debug_str     0x000017a0       0xd7 .\CortexM3\ARM_GCC_541\Debug\seven.o
                                0x514 (size before relaxing)
 .debug_str     0x00001877       0xc5 .\CortexM3\ARM_GCC_541\Debug\logging.o
                                0x4d8 (size before relaxing)
 .debug_str     0x0000193c      0x762 .\CortexM3\ARM_GCC_541\Debug\tft.o
                                0xd11 (size before relaxing)
 .debug_str     0x0000209e      0x1a2 .\CortexM3\ARM_GCC_541\Debug\cyfitter_cfg.o
                                0x347 (size before relaxing)
 .debug_str     0x00002240       0x75 .\CortexM3\ARM_GCC_541\Debug\cymetadata.o
                                0x1dd (size before relaxing)
 .debug_str     0x000022b5      0x142 .\CortexM3\ARM_GCC_541\Debug\Cm3Start.o
                                0x313 (size before relaxing)
 .debug_str     0x000023f7      0x5b7 .\CortexM3\ARM_GCC_541\Debug\reaction_game_erika.a(ErikaOS_1_ee_activate.o)
                                0x800 (size before relaxing)
 .debug_str     0x000029ae       0xa3 .\CortexM3\ARM_GCC_541\Debug\reaction_game_erika.a(ErikaOS_1_ee_alsetrel.o)
                                0x651 (size before relaxing)
 .debug_str     0x00002a51      0x248 .\CortexM3\ARM_GCC_541\Debug\reaction_game_erika.a(ErikaOS_1_ee_altick.o)
                                0xaca (size before relaxing)
 .debug_str     0x00002c99       0x2e .\CortexM3\ARM_GCC_541\Debug\reaction_game_erika.a(ErikaOS_1_ee_evclear.o)
                                0x631 (size before relaxing)
 .debug_str     0x00002cc7       0x5d .\CortexM3\ARM_GCC_541\Debug\reaction_game_erika.a(ErikaOS_1_ee_evget.o)
                                0x5a1 (size before relaxing)
 .debug_str     0x00002d24       0x2c .\CortexM3\ARM_GCC_541\Debug\reaction_game_erika.a(ErikaOS_1_ee_evset.o)
                                0x845 (size before relaxing)
 .debug_str     0x00002d50       0x8f .\CortexM3\ARM_GCC_541\Debug\reaction_game_erika.a(ErikaOS_1_ee_evwait.o)
                                0x875 (size before relaxing)
 .debug_str     0x00002ddf       0x3c .\CortexM3\ARM_GCC_541\Debug\reaction_game_erika.a(ErikaOS_1_ee_gettaskid.o)
                                0x539 (size before relaxing)
 .debug_str     0x00002e1b       0xca .\CortexM3\ARM_GCC_541\Debug\reaction_game_erika.a(ErikaOS_1_ee_irqendin.o)
                                0x722 (size before relaxing)
 .debug_str     0x00002ee5       0x2d .\CortexM3\ARM_GCC_541\Debug\reaction_game_erika.a(ErikaOS_1_ee_lookup.o)
                                0x484 (size before relaxing)
 .debug_str     0x00002f12       0x8c .\CortexM3\ARM_GCC_541\Debug\reaction_game_erika.a(ErikaOS_1_ee_rq_exchg.o)
                                0x4f6 (size before relaxing)
 .debug_str     0x00002f9e       0x2f .\CortexM3\ARM_GCC_541\Debug\reaction_game_erika.a(ErikaOS_1_ee_rq_first.o)
                                0x4c1 (size before relaxing)
 .debug_str     0x00002fcd       0x3a .\CortexM3\ARM_GCC_541\Debug\reaction_game_erika.a(ErikaOS_1_ee_rq_inser.o)
                                0x4fb (size before relaxing)
 .debug_str     0x00003007       0x5d .\CortexM3\ARM_GCC_541\Debug\reaction_game_erika.a(ErikaOS_1_ee_terminat.o)
                                0x5e5 (size before relaxing)
 .debug_str     0x00003064       0x99 .\CortexM3\ARM_GCC_541\Debug\reaction_game_erika.a(ErikaOS_1_cortex_mx_ee_utils.o)
                                0x553 (size before relaxing)
 .debug_str     0x000030fd       0x39 .\CortexM3\ARM_GCC_541\Debug\reaction_game_erika.a(ErikaOS_1_common_ee_hal_structs.o)
                                0x490 (size before relaxing)
 .debug_str     0x00003136      0x1be .\CortexM3\ARM_GCC_541\Debug\reaction_game_erika.a(ErikaOS_1_eecfg.o)
                                0x7c9 (size before relaxing)
 .debug_str     0x000032f4       0x6b .\CortexM3\ARM_GCC_541\Debug\reaction_game_erika.a(SEVEN_DP.o)
                                0x1ea (size before relaxing)
 .debug_str     0x0000335f       0x6b .\CortexM3\ARM_GCC_541\Debug\reaction_game_erika.a(SEVEN_SELECT.o)
                                0x1fe (size before relaxing)
 .debug_str     0x000033ca       0x3a .\CortexM3\ARM_GCC_541\Debug\reaction_game_erika.a(SEVEN_reg.o)
                                0x1b4 (size before relaxing)
 .debug_str     0x00003404       0x5c .\CortexM3\ARM_GCC_541\Debug\reaction_game_erika.a(BUTTON_1.o)
                                0x1ea (size before relaxing)
 .debug_str     0x00003460      0x119 .\CortexM3\ARM_GCC_541\Debug\reaction_game_erika.a(isr_Button.o)
                                0x2e5 (size before relaxing)
 .debug_str     0x00003579       0x5c .\CortexM3\ARM_GCC_541\Debug\reaction_game_erika.a(BUTTON_2.o)
                                0x1ea (size before relaxing)
 .debug_str     0x000035d5       0x5c .\CortexM3\ARM_GCC_541\Debug\reaction_game_erika.a(BUTTON_3.o)
                                0x1ea (size before relaxing)
 .debug_str     0x00003631       0x5c .\CortexM3\ARM_GCC_541\Debug\reaction_game_erika.a(BUTTON_4.o)
                                0x1ea (size before relaxing)
 .debug_str     0x0000368d       0x57 .\CortexM3\ARM_GCC_541\Debug\reaction_game_erika.a(LED_red.o)
                                0x1e5 (size before relaxing)
 .debug_str     0x000036e4       0x63 .\CortexM3\ARM_GCC_541\Debug\reaction_game_erika.a(LED_yellow.o)
                                0x1f4 (size before relaxing)
 .debug_str     0x00003747       0x5f .\CortexM3\ARM_GCC_541\Debug\reaction_game_erika.a(LED_green.o)
                                0x1ef (size before relaxing)
 .debug_str     0x000037a6      0x326 .\CortexM3\ARM_GCC_541\Debug\reaction_game_erika.a(UART_LOG.o)
                                0x4ea (size before relaxing)
 .debug_str     0x00003acc      0x14c .\CortexM3\ARM_GCC_541\Debug\reaction_game_erika.a(RGB_PWM_red.o)
                                0x321 (size before relaxing)
 .debug_str     0x00003c18      0x159 .\CortexM3\ARM_GCC_541\Debug\reaction_game_erika.a(RGB_PWM_green.o)
                                0x33f (size before relaxing)
 .debug_str     0x00003d71      0x14c .\CortexM3\ARM_GCC_541\Debug\reaction_game_erika.a(RGB_PWM_blue.o)
                                0x330 (size before relaxing)
 .debug_str     0x00003ebd      0x3f5 .\CortexM3\ARM_GCC_541\Debug\reaction_game_erika.a(USBUART.o)
                                0x663 (size before relaxing)
 .debug_str     0x000042b2      0x4ad .\CortexM3\ARM_GCC_541\Debug\reaction_game_erika.a(USBUART_cdc.o)
                                0x7ca (size before relaxing)
 .debug_str     0x0000475f      0x291 .\CortexM3\ARM_GCC_541\Debug\reaction_game_erika.a(USBUART_drv.o)
                                0x641 (size before relaxing)
 .debug_str     0x000049f0       0x80 .\CortexM3\ARM_GCC_541\Debug\reaction_game_erika.a(USBUART_episr.o)
                                0x2d8 (size before relaxing)
 .debug_str     0x00004a70       0xd2 .\CortexM3\ARM_GCC_541\Debug\reaction_game_erika.a(USBUART_pm.o)
                                0x2e9 (size before relaxing)
 .debug_str     0x00004b42      0x270 .\CortexM3\ARM_GCC_541\Debug\reaction_game_erika.a(USBUART_std.o)
                                0x7b0 (size before relaxing)
 .debug_str     0x00004db2       0x25 .\CortexM3\ARM_GCC_541\Debug\reaction_game_erika.a(USBUART_vnd.o)
                                0x1e6 (size before relaxing)
 .debug_str     0x00004dd7      0x50f .\CortexM3\ARM_GCC_541\Debug\reaction_game_erika.a(JOYSTICK_ADC_XY.o)
                                0x771 (size before relaxing)
 .debug_str     0x000052e6       0x41 .\CortexM3\ARM_GCC_541\Debug\reaction_game_erika.a(JOYSTICK_ADC_XY_INT.o)
                                0x1b5 (size before relaxing)
 .debug_str     0x00005327      0x24c .\CortexM3\ARM_GCC_541\Debug\reaction_game_erika.a(TFT_SPI.o)
                                0x45f (size before relaxing)
 .debug_str     0x00005573       0x53 .\CortexM3\ARM_GCC_541\Debug\reaction_game_erika.a(TFT_DC.o)
                                0x1e0 (size before relaxing)
 .debug_str     0x000055c6       0x57 .\CortexM3\ARM_GCC_541\Debug\reaction_game_erika.a(TFT_RES.o)
                                0x1e5 (size before relaxing)
 .debug_str     0x0000561d      0x13e .\CortexM3\ARM_GCC_541\Debug\reaction_game_erika.a(TFT_BackLight.o)
                                0x336 (size before relaxing)
 .debug_str     0x0000575b      0x1ab .\CortexM3\ARM_GCC_541\Debug\reaction_game_erika.a(UART_LOG_IntClock.o)
                                0x35f (size before relaxing)
 .debug_str     0x00005906       0x99 .\CortexM3\ARM_GCC_541\Debug\reaction_game_erika.a(USBUART_Dp.o)
                                0x23a (size before relaxing)
 .debug_str     0x0000599f      0x17b .\CortexM3\ARM_GCC_541\Debug\reaction_game_erika.a(JOYSTICK_ADC_XY_SAR.o)
                                0x557 (size before relaxing)
 .debug_str     0x00005b1a       0xf7 .\CortexM3\ARM_GCC_541\Debug\reaction_game_erika.a(JOYSTICK_ADC_XY_TempBuf_dma.o)
                                0x2ad (size before relaxing)
 .debug_str     0x00005c11       0x7d .\CortexM3\ARM_GCC_541\Debug\reaction_game_erika.a(JOYSTICK_ADC_XY_FinalBuf_dma.o)
                                0x2b1 (size before relaxing)
 .debug_str     0x00005c8e      0x16c .\CortexM3\ARM_GCC_541\Debug\reaction_game_erika.a(JOYSTICK_ADC_XY_IRQ.o)
                                0x363 (size before relaxing)
 .debug_str     0x00005dfa      0x156 .\CortexM3\ARM_GCC_541\Debug\reaction_game_erika.a(TFT_SPI_IntClock.o)
                                0x353 (size before relaxing)
 .debug_str     0x00005f50      0x264 .\CortexM3\ARM_GCC_541\Debug\reaction_game_erika.a(CyDmac.o)
                                0x543 (size before relaxing)
 .debug_str     0x000061b4      0x785 .\CortexM3\ARM_GCC_541\Debug\reaction_game_erika.a(CyLib.o)
                                0xa40 (size before relaxing)
 .debug_str     0x00006939      0x365 .\CortexM3\ARM_GCC_541\Debug\reaction_game_erika.a(cyPm.o)
                                0x72c (size before relaxing)
 .debug_str     0x00006c9e       0x58 .\CortexM3\ARM_GCC_541\Debug\reaction_game_erika.a(ErikaOS_1_ee_tnterm.o)
                                0x4f7 (size before relaxing)
 .debug_str     0x00006cf6       0x57 .\CortexM3\ARM_GCC_541\Debug\reaction_game_erika.a(ErikaOS_1_ee_tstub.o)
                                0x63b (size before relaxing)
 .debug_str     0x00006d4d       0x9d .\CortexM3\ARM_GCC_541\Debug\reaction_game_erika.a(ErikaOS_1_cortex_mx_ee_context.o)
                                0x585 (size before relaxing)
 .debug_str     0x00006dea       0x25 .\CortexM3\ARM_GCC_541\Debug\reaction_game_erika.a(USBUART_cls.o)
                                0x2a5 (size before relaxing)
 .debug_str     0x00006e0f      0x104 .\CortexM3\ARM_GCC_541\Debug\reaction_game_erika.a(USBUART_descr.o)
                                0x352 (size before relaxing)
 .debug_str     0x00006f13      0x1b4 .\CortexM3\ARM_GCC_541\Debug\reaction_game_erika.a(CyFlash.o)
                                0x3b9 (size before relaxing)
 .debug_str     0x000070c7       0xac .\CortexM3\ARM_GCC_541\Debug\reaction_game_erika.a(CySpc.o)
                                0x331 (size before relaxing)
 .debug_str     0x00007173       0x6f .\CortexM3\ARM_GCC_541\Debug\reaction_game_erika.a(ErikaOS_1_ee_thendin.o)
                                0x7b8 (size before relaxing)

.debug_loc      0x00000000     0x8ef0
 *(.debug_loc)
 .debug_loc     0x00000000      0x1f2 .\CortexM3\ARM_GCC_541\Debug\main.o
 .debug_loc     0x000001f2       0xb7 .\CortexM3\ARM_GCC_541\Debug\trcStreamingPort.o
 .debug_loc     0x000002a9      0x17e .\CortexM3\ARM_GCC_541\Debug\trcKernelPort.o
 .debug_loc     0x00000427     0x1485 .\CortexM3\ARM_GCC_541\Debug\trcStreamingRecorder.o
 .debug_loc     0x000018ac       0xde .\CortexM3\ARM_GCC_541\Debug\button.o
 .debug_loc     0x0000198a       0x62 .\CortexM3\ARM_GCC_541\Debug\joystick.o
 .debug_loc     0x000019ec      0x322 .\CortexM3\ARM_GCC_541\Debug\led.o
 .debug_loc     0x00001d0e      0x18a .\CortexM3\ARM_GCC_541\Debug\seven.o
 .debug_loc     0x00001e98       0x4d .\CortexM3\ARM_GCC_541\Debug\logging.o
 .debug_loc     0x00001ee5     0x1924 .\CortexM3\ARM_GCC_541\Debug\tft.o
 .debug_loc     0x00003809      0x280 .\CortexM3\ARM_GCC_541\Debug\cyfitter_cfg.o
 .debug_loc     0x00003a89      0x144 .\CortexM3\ARM_GCC_541\Debug\Cm3Start.o
 .debug_loc     0x00003bcd      0x12d .\CortexM3\ARM_GCC_541\Debug\reaction_game_erika.a(ErikaOS_1_ee_activate.o)
 .debug_loc     0x00003cfa      0x102 .\CortexM3\ARM_GCC_541\Debug\reaction_game_erika.a(ErikaOS_1_ee_alsetrel.o)
 .debug_loc     0x00003dfc      0x47f .\CortexM3\ARM_GCC_541\Debug\reaction_game_erika.a(ErikaOS_1_ee_altick.o)
 .debug_loc     0x0000427b       0x95 .\CortexM3\ARM_GCC_541\Debug\reaction_game_erika.a(ErikaOS_1_ee_evclear.o)
 .debug_loc     0x00004310       0x6e .\CortexM3\ARM_GCC_541\Debug\reaction_game_erika.a(ErikaOS_1_ee_evget.o)
 .debug_loc     0x0000437e      0x13b .\CortexM3\ARM_GCC_541\Debug\reaction_game_erika.a(ErikaOS_1_ee_evset.o)
 .debug_loc     0x000044b9      0x10a .\CortexM3\ARM_GCC_541\Debug\reaction_game_erika.a(ErikaOS_1_ee_evwait.o)
 .debug_loc     0x000045c3       0x59 .\CortexM3\ARM_GCC_541\Debug\reaction_game_erika.a(ErikaOS_1_ee_gettaskid.o)
 .debug_loc     0x0000461c       0x6d .\CortexM3\ARM_GCC_541\Debug\reaction_game_erika.a(ErikaOS_1_ee_irqendin.o)
 .debug_loc     0x00004689       0x4a .\CortexM3\ARM_GCC_541\Debug\reaction_game_erika.a(ErikaOS_1_ee_rq_exchg.o)
 .debug_loc     0x000046d3       0x36 .\CortexM3\ARM_GCC_541\Debug\reaction_game_erika.a(ErikaOS_1_ee_rq_first.o)
 .debug_loc     0x00004709       0x1e .\CortexM3\ARM_GCC_541\Debug\reaction_game_erika.a(ErikaOS_1_ee_rq_inser.o)
 .debug_loc     0x00004727       0x50 .\CortexM3\ARM_GCC_541\Debug\reaction_game_erika.a(ErikaOS_1_ee_terminat.o)
 .debug_loc     0x00004777       0x13 .\CortexM3\ARM_GCC_541\Debug\reaction_game_erika.a(ErikaOS_1_cortex_mx_ee_utils.o)
 .debug_loc     0x0000478a       0x42 .\CortexM3\ARM_GCC_541\Debug\reaction_game_erika.a(SEVEN_DP.o)
 .debug_loc     0x000047cc       0x42 .\CortexM3\ARM_GCC_541\Debug\reaction_game_erika.a(SEVEN_SELECT.o)
 .debug_loc     0x0000480e       0x42 .\CortexM3\ARM_GCC_541\Debug\reaction_game_erika.a(BUTTON_1.o)
 .debug_loc     0x00004850       0x56 .\CortexM3\ARM_GCC_541\Debug\reaction_game_erika.a(isr_Button.o)
 .debug_loc     0x000048a6       0x42 .\CortexM3\ARM_GCC_541\Debug\reaction_game_erika.a(BUTTON_2.o)
 .debug_loc     0x000048e8       0x42 .\CortexM3\ARM_GCC_541\Debug\reaction_game_erika.a(BUTTON_3.o)
 .debug_loc     0x0000492a       0x42 .\CortexM3\ARM_GCC_541\Debug\reaction_game_erika.a(BUTTON_4.o)
 .debug_loc     0x0000496c       0x42 .\CortexM3\ARM_GCC_541\Debug\reaction_game_erika.a(LED_red.o)
 .debug_loc     0x000049ae       0x42 .\CortexM3\ARM_GCC_541\Debug\reaction_game_erika.a(LED_yellow.o)
 .debug_loc     0x000049f0       0x42 .\CortexM3\ARM_GCC_541\Debug\reaction_game_erika.a(LED_green.o)
 .debug_loc     0x00004a32      0x258 .\CortexM3\ARM_GCC_541\Debug\reaction_game_erika.a(UART_LOG.o)
 .debug_loc     0x00004c8a       0x13 .\CortexM3\ARM_GCC_541\Debug\reaction_game_erika.a(RGB_PWM_red.o)
 .debug_loc     0x00004c9d       0x13 .\CortexM3\ARM_GCC_541\Debug\reaction_game_erika.a(RGB_PWM_green.o)
 .debug_loc     0x00004cb0       0x13 .\CortexM3\ARM_GCC_541\Debug\reaction_game_erika.a(RGB_PWM_blue.o)
 .debug_loc     0x00004cc3      0x3e1 .\CortexM3\ARM_GCC_541\Debug\reaction_game_erika.a(USBUART.o)
 .debug_loc     0x000050a4      0x557 .\CortexM3\ARM_GCC_541\Debug\reaction_game_erika.a(USBUART_cdc.o)
 .debug_loc     0x000055fb      0x171 .\CortexM3\ARM_GCC_541\Debug\reaction_game_erika.a(USBUART_drv.o)
 .debug_loc     0x0000576c       0x26 .\CortexM3\ARM_GCC_541\Debug\reaction_game_erika.a(USBUART_pm.o)
 .debug_loc     0x00005792      0x945 .\CortexM3\ARM_GCC_541\Debug\reaction_game_erika.a(USBUART_std.o)
 .debug_loc     0x000060d7      0x13c .\CortexM3\ARM_GCC_541\Debug\reaction_game_erika.a(JOYSTICK_ADC_XY.o)
 .debug_loc     0x00006213       0xfe .\CortexM3\ARM_GCC_541\Debug\reaction_game_erika.a(TFT_SPI.o)
 .debug_loc     0x00006311       0x42 .\CortexM3\ARM_GCC_541\Debug\reaction_game_erika.a(TFT_DC.o)
 .debug_loc     0x00006353       0x42 .\CortexM3\ARM_GCC_541\Debug\reaction_game_erika.a(TFT_RES.o)
 .debug_loc     0x00006395       0x13 .\CortexM3\ARM_GCC_541\Debug\reaction_game_erika.a(TFT_BackLight.o)
 .debug_loc     0x000063a8      0x128 .\CortexM3\ARM_GCC_541\Debug\reaction_game_erika.a(UART_LOG_IntClock.o)
 .debug_loc     0x000064d0       0x84 .\CortexM3\ARM_GCC_541\Debug\reaction_game_erika.a(USBUART_Dp.o)
 .debug_loc     0x00006554      0x295 .\CortexM3\ARM_GCC_541\Debug\reaction_game_erika.a(JOYSTICK_ADC_XY_SAR.o)
 .debug_loc     0x000067e9       0x84 .\CortexM3\ARM_GCC_541\Debug\reaction_game_erika.a(JOYSTICK_ADC_XY_TempBuf_dma.o)
 .debug_loc     0x0000686d       0x84 .\CortexM3\ARM_GCC_541\Debug\reaction_game_erika.a(JOYSTICK_ADC_XY_FinalBuf_dma.o)
 .debug_loc     0x000068f1       0x56 .\CortexM3\ARM_GCC_541\Debug\reaction_game_erika.a(JOYSTICK_ADC_XY_IRQ.o)
 .debug_loc     0x00006947      0x12c .\CortexM3\ARM_GCC_541\Debug\reaction_game_erika.a(TFT_SPI_IntClock.o)
 .debug_loc     0x00006a73      0xb8e .\CortexM3\ARM_GCC_541\Debug\reaction_game_erika.a(CyDmac.o)
 .debug_loc     0x00007601      0xa11 .\CortexM3\ARM_GCC_541\Debug\reaction_game_erika.a(CyLib.o)
 .debug_loc     0x00008012      0x1e4 .\CortexM3\ARM_GCC_541\Debug\reaction_game_erika.a(cyPm.o)
 .debug_loc     0x000081f6       0xc5 .\CortexM3\ARM_GCC_541\Debug\reaction_game_erika.a(ErikaOS_1_cortex_mx_ee_context.o)
 .debug_loc     0x000082bb       0x6a .\CortexM3\ARM_GCC_541\Debug\reaction_game_erika.a(USBUART_cls.o)
 .debug_loc     0x00008325      0x3b2 .\CortexM3\ARM_GCC_541\Debug\reaction_game_erika.a(CyFlash.o)
 .debug_loc     0x000086d7      0x705 .\CortexM3\ARM_GCC_541\Debug\reaction_game_erika.a(CySpc.o)
 .debug_loc     0x00008ddc      0x114 .\CortexM3\ARM_GCC_541\Debug\reaction_game_erika.a(ErikaOS_1_ee_thendin.o)

.debug_macinfo
 *(.debug_macinfo)

.debug_ranges   0x00000000     0x17b0
 *(.debug_ranges)
 .debug_ranges  0x00000000       0x60 .\CortexM3\ARM_GCC_541\Debug\main.o
 .debug_ranges  0x00000060       0x20 .\CortexM3\ARM_GCC_541\Debug\trcStreamingPort.o
 .debug_ranges  0x00000080       0x68 .\CortexM3\ARM_GCC_541\Debug\trcKernelPort.o
 .debug_ranges  0x000000e8      0x178 .\CortexM3\ARM_GCC_541\Debug\trcStreamingRecorder.o
 .debug_ranges  0x00000260       0x18 .\CortexM3\ARM_GCC_541\Debug\button.o
 .debug_ranges  0x00000278       0x18 .\CortexM3\ARM_GCC_541\Debug\joystick.o
 .debug_ranges  0x00000290       0x80 .\CortexM3\ARM_GCC_541\Debug\led.o
 .debug_ranges  0x00000310       0x38 .\CortexM3\ARM_GCC_541\Debug\seven.o
 .debug_ranges  0x00000348       0x18 .\CortexM3\ARM_GCC_541\Debug\logging.o
 .debug_ranges  0x00000360      0x168 .\CortexM3\ARM_GCC_541\Debug\tft.o
 .debug_ranges  0x000004c8       0x48 .\CortexM3\ARM_GCC_541\Debug\cyfitter_cfg.o
 .debug_ranges  0x00000510       0x38 .\CortexM3\ARM_GCC_541\Debug\Cm3Start.o
 .debug_ranges  0x00000548       0x40 .\CortexM3\ARM_GCC_541\Debug\reaction_game_erika.a(ErikaOS_1_ee_activate.o)
 .debug_ranges  0x00000588       0x10 .\CortexM3\ARM_GCC_541\Debug\reaction_game_erika.a(ErikaOS_1_ee_alsetrel.o)
 .debug_ranges  0x00000598       0x78 .\CortexM3\ARM_GCC_541\Debug\reaction_game_erika.a(ErikaOS_1_ee_altick.o)
 .debug_ranges  0x00000610       0x10 .\CortexM3\ARM_GCC_541\Debug\reaction_game_erika.a(ErikaOS_1_ee_evclear.o)
 .debug_ranges  0x00000620       0x10 .\CortexM3\ARM_GCC_541\Debug\reaction_game_erika.a(ErikaOS_1_ee_evget.o)
 .debug_ranges  0x00000630       0x40 .\CortexM3\ARM_GCC_541\Debug\reaction_game_erika.a(ErikaOS_1_ee_evset.o)
 .debug_ranges  0x00000670       0x10 .\CortexM3\ARM_GCC_541\Debug\reaction_game_erika.a(ErikaOS_1_ee_evwait.o)
 .debug_ranges  0x00000680       0x10 .\CortexM3\ARM_GCC_541\Debug\reaction_game_erika.a(ErikaOS_1_ee_gettaskid.o)
 .debug_ranges  0x00000690       0x20 .\CortexM3\ARM_GCC_541\Debug\reaction_game_erika.a(ErikaOS_1_ee_irqendin.o)
 .debug_ranges  0x000006b0       0x10 .\CortexM3\ARM_GCC_541\Debug\reaction_game_erika.a(ErikaOS_1_ee_rq_exchg.o)
 .debug_ranges  0x000006c0       0x10 .\CortexM3\ARM_GCC_541\Debug\reaction_game_erika.a(ErikaOS_1_ee_rq_first.o)
 .debug_ranges  0x000006d0       0x10 .\CortexM3\ARM_GCC_541\Debug\reaction_game_erika.a(ErikaOS_1_ee_rq_inser.o)
 .debug_ranges  0x000006e0       0x10 .\CortexM3\ARM_GCC_541\Debug\reaction_game_erika.a(ErikaOS_1_ee_terminat.o)
 .debug_ranges  0x000006f0       0x10 .\CortexM3\ARM_GCC_541\Debug\reaction_game_erika.a(ErikaOS_1_cortex_mx_ee_utils.o)
 .debug_ranges  0x00000700       0x28 .\CortexM3\ARM_GCC_541\Debug\reaction_game_erika.a(SEVEN_DP.o)
 .debug_ranges  0x00000728       0x28 .\CortexM3\ARM_GCC_541\Debug\reaction_game_erika.a(SEVEN_SELECT.o)
 .debug_ranges  0x00000750       0x18 .\CortexM3\ARM_GCC_541\Debug\reaction_game_erika.a(SEVEN_reg.o)
 .debug_ranges  0x00000768       0x28 .\CortexM3\ARM_GCC_541\Debug\reaction_game_erika.a(BUTTON_1.o)
 .debug_ranges  0x00000790       0x70 .\CortexM3\ARM_GCC_541\Debug\reaction_game_erika.a(isr_Button.o)
 .debug_ranges  0x00000800       0x28 .\CortexM3\ARM_GCC_541\Debug\reaction_game_erika.a(BUTTON_2.o)
 .debug_ranges  0x00000828       0x28 .\CortexM3\ARM_GCC_541\Debug\reaction_game_erika.a(BUTTON_3.o)
 .debug_ranges  0x00000850       0x28 .\CortexM3\ARM_GCC_541\Debug\reaction_game_erika.a(BUTTON_4.o)
 .debug_ranges  0x00000878       0x28 .\CortexM3\ARM_GCC_541\Debug\reaction_game_erika.a(LED_red.o)
 .debug_ranges  0x000008a0       0x28 .\CortexM3\ARM_GCC_541\Debug\reaction_game_erika.a(LED_yellow.o)
 .debug_ranges  0x000008c8       0x28 .\CortexM3\ARM_GCC_541\Debug\reaction_game_erika.a(LED_green.o)
 .debug_ranges  0x000008f0       0xe0 .\CortexM3\ARM_GCC_541\Debug\reaction_game_erika.a(UART_LOG.o)
 .debug_ranges  0x000009d0       0x70 .\CortexM3\ARM_GCC_541\Debug\reaction_game_erika.a(RGB_PWM_red.o)
 .debug_ranges  0x00000a40       0x70 .\CortexM3\ARM_GCC_541\Debug\reaction_game_erika.a(RGB_PWM_green.o)
 .debug_ranges  0x00000ab0       0x70 .\CortexM3\ARM_GCC_541\Debug\reaction_game_erika.a(RGB_PWM_blue.o)
 .debug_ranges  0x00000b20       0xd0 .\CortexM3\ARM_GCC_541\Debug\reaction_game_erika.a(USBUART.o)
 .debug_ranges  0x00000bf0       0xd8 .\CortexM3\ARM_GCC_541\Debug\reaction_game_erika.a(USBUART_cdc.o)
 .debug_ranges  0x00000cc8       0x88 .\CortexM3\ARM_GCC_541\Debug\reaction_game_erika.a(USBUART_drv.o)
 .debug_ranges  0x00000d50       0x30 .\CortexM3\ARM_GCC_541\Debug\reaction_game_erika.a(USBUART_episr.o)
 .debug_ranges  0x00000d80       0x30 .\CortexM3\ARM_GCC_541\Debug\reaction_game_erika.a(USBUART_pm.o)
 .debug_ranges  0x00000db0       0x70 .\CortexM3\ARM_GCC_541\Debug\reaction_game_erika.a(USBUART_std.o)
 .debug_ranges  0x00000e20       0x10 .\CortexM3\ARM_GCC_541\Debug\reaction_game_erika.a(USBUART_vnd.o)
 .debug_ranges  0x00000e30       0x90 .\CortexM3\ARM_GCC_541\Debug\reaction_game_erika.a(JOYSTICK_ADC_XY.o)
 .debug_ranges  0x00000ec0       0x10 .\CortexM3\ARM_GCC_541\Debug\reaction_game_erika.a(JOYSTICK_ADC_XY_INT.o)
 .debug_ranges  0x00000ed0       0xc8 .\CortexM3\ARM_GCC_541\Debug\reaction_game_erika.a(TFT_SPI.o)
 .debug_ranges  0x00000f98       0x28 .\CortexM3\ARM_GCC_541\Debug\reaction_game_erika.a(TFT_DC.o)
 .debug_ranges  0x00000fc0       0x28 .\CortexM3\ARM_GCC_541\Debug\reaction_game_erika.a(TFT_RES.o)
 .debug_ranges  0x00000fe8       0x68 .\CortexM3\ARM_GCC_541\Debug\reaction_game_erika.a(TFT_BackLight.o)
 .debug_ranges  0x00001050       0x60 .\CortexM3\ARM_GCC_541\Debug\reaction_game_erika.a(UART_LOG_IntClock.o)